// Jest Snapshot v1, https://jestjs.io/docs/snapshot-testing

exports[`Rendering test renders correctly 1`] = `
<DocumentFragment>
  .c0 {
  width: 100%;
  position: relative;
  font-family: 'Barlow Semi Condensed';
}

<div
    class="c0"
  >
    <h1>
      Kuviota ei voitu muodostaa
    </h1>
  </div>
</DocumentFragment>
`;
