// Jest Snapshot v1, https://jestjs.io/docs/snapshot-testing

exports[`Html table render tests should match snapshot: Table with column variables only 1`] = `
<div
  id="test-49857934857938475938475"
>
  <p
    class="tableChart-title"
    id="test-49857934857938475938475-title"
  >
    Adoptiot 1987-1989 muuttujina Syntymävaltio, Ikä
  </p>
  <table
    aria-labelledby="test-49857934857938475938475-title"
    tabindex="0"
  >
    <thead>
      <tr>
        <th
          colspan="6"
          scope="col"
        >
          1987
        </th>
        <th
          colspan="6"
          scope="col"
        >
          1988
        </th>
        <th
          colspan="6"
          scope="col"
        >
          1989
        </th>
      </tr>
      <tr>
        <th
          colspan="2"
          scope="col"
        >
          Suomi
        </th>
        <th
          colspan="2"
          scope="col"
        >
          Espanja
        </th>
        <th
          colspan="2"
          scope="col"
        >
          Italia
        </th>
        <th
          colspan="2"
          scope="col"
        >
          Suomi
        </th>
        <th
          colspan="2"
          scope="col"
        >
          Espanja
        </th>
        <th
          colspan="2"
          scope="col"
        >
          Italia
        </th>
        <th
          colspan="2"
          scope="col"
        >
          Suomi
        </th>
        <th
          colspan="2"
          scope="col"
        >
          Espanja
        </th>
        <th
          colspan="2"
          scope="col"
        >
          Italia
        </th>
      </tr>
      <tr>
        <th
          colspan="1"
          scope="col"
        >
          0 - 17
        </th>
        <th
          colspan="1"
          scope="col"
        >
          18 -
        </th>
        <th
          colspan="1"
          scope="col"
        >
          0 - 17
        </th>
        <th
          colspan="1"
          scope="col"
        >
          18 -
        </th>
        <th
          colspan="1"
          scope="col"
        >
          0 - 17
        </th>
        <th
          colspan="1"
          scope="col"
        >
          18 -
        </th>
        <th
          colspan="1"
          scope="col"
        >
          0 - 17
        </th>
        <th
          colspan="1"
          scope="col"
        >
          18 -
        </th>
        <th
          colspan="1"
          scope="col"
        >
          0 - 17
        </th>
        <th
          colspan="1"
          scope="col"
        >
          18 -
        </th>
        <th
          colspan="1"
          scope="col"
        >
          0 - 17
        </th>
        <th
          colspan="1"
          scope="col"
        >
          18 -
        </th>
        <th
          colspan="1"
          scope="col"
        >
          0 - 17
        </th>
        <th
          colspan="1"
          scope="col"
        >
          18 -
        </th>
        <th
          colspan="1"
          scope="col"
        >
          0 - 17
        </th>
        <th
          colspan="1"
          scope="col"
        >
          18 -
        </th>
        <th
          colspan="1"
          scope="col"
        >
          0 - 17
        </th>
        <th
          colspan="1"
          scope="col"
        >
          18 -
        </th>
      </tr>
    </thead>
    <tbody>
      <tr>
        <td>
          242
        </td>
        <td>
          62
        </td>
        <td>
          0
        </td>
        <td>
          0
        </td>
        <td>
          0
        </td>
        <td>
          0
        </td>
        <td>
          240
        </td>
        <td>
          85
        </td>
        <td>
          0
        </td>
        <td>
          0
        </td>
        <td>
          0
        </td>
        <td>
          0
        </td>
        <td>
          216
        </td>
        <td>
          91
        </td>
        <td>
          0
        </td>
        <td>
          0
        </td>
        <td>
          0
        </td>
        <td>
          0
        </td>
      </tr>
    </tbody>
  </table>
  <span>
    Yksikkö: lukumäärä
  </span>
  <span>
    <br />
    Lähde: PxVisualizer-fi
  </span>
</div>
`;

exports[`Html table render tests should match snapshot: Table with invalid missing data should render error message 1`] = `
<div
  id="test-84957394875983745"
>
  <h1>
    Kuviota ei voitu muodostaa
  </h1>
</div>
`;

exports[`Html table render tests should match snapshot: Table with missing data and selectable values 1`] = `
<div
  id="test-84957394875983745"
>
  <p
    class="tableChart-title"
    id="test-84957394875983745-title"
  >
    Neliöhinta (EUR/m2), Helsinki 2020Q1-2023Q2* muuttujina Talotyyppi, Huoneluku
    <br />
    Rivitalot | Kaksiot
  </p>
  <table
    aria-labelledby="test-84957394875983745-title"
    tabindex="0"
  >
    <thead>
      <tr>
        <th
          colspan="1"
          scope="col"
        >
          2020Q1
        </th>
        <th
          colspan="1"
          scope="col"
        >
          2020Q2
        </th>
        <th
          colspan="1"
          scope="col"
        >
          2020Q3
        </th>
        <th
          colspan="1"
          scope="col"
        >
          2020Q4
        </th>
        <th
          colspan="1"
          scope="col"
        >
          2021Q1
        </th>
        <th
          colspan="1"
          scope="col"
        >
          2021Q2
        </th>
        <th
          colspan="1"
          scope="col"
        >
          2021Q3
        </th>
        <th
          colspan="1"
          scope="col"
        >
          2021Q4
        </th>
        <th
          colspan="1"
          scope="col"
        >
          2022Q1
        </th>
        <th
          colspan="1"
          scope="col"
        >
          2022Q2
        </th>
        <th
          colspan="1"
          scope="col"
        >
          2022Q3
        </th>
        <th
          colspan="1"
          scope="col"
        >
          2022Q4
        </th>
        <th
          colspan="1"
          scope="col"
        >
          2023Q1*
        </th>
        <th
          colspan="1"
          scope="col"
        >
          2023Q2*
        </th>
      </tr>
    </thead>
    <tbody>
      <tr>
        <td>
          Tieto puuttuu
        </td>
        <td>
          Tieto puuttuu
        </td>
        <td>
          Tieto puuttuu
        </td>
        <td>
          Tieto puuttuu
        </td>
        <td>
          Tieto puuttuu
        </td>
        <td>
          Tieto puuttuu
        </td>
        <td>
          Tieto puuttuu
        </td>
        <td>
          Tieto puuttuu
        </td>
        <td>
          Tieto puuttuu
        </td>
        <td>
          Tieto puuttuu
        </td>
        <td>
          Tieto puuttuu
        </td>
        <td>
          Tieto puuttuu
        </td>
        <td>
          Tieto puuttuu
        </td>
        <td>
          Tieto puuttuu
        </td>
      </tr>
    </tbody>
  </table>
  <span>
    Yksikkö: Eur / m2
  </span>
  <span>
    <br />
    Lähde: PxVisualizer-fi
  </span>
</div>
`;

exports[`Html table render tests should match snapshot: Table with only one cell 1`] = `
<div
  id="test-6895638450983059889"
>
  <p
    class="tableChart-title"
    id="test-6895638450983059889-title"
  >
    Lukumäärä, Vantaa, Yksiöt, Vapaarahoitteinen 2022Q4
  </p>
  <table
    aria-labelledby="test-6895638450983059889-title"
    tabindex="0"
  >
    <tbody>
      <tr>
        <td>
          2 548
        </td>
      </tr>
    </tbody>
  </table>
  <span>
    Yksikkö: lukumäärä
  </span>
  <span>
    <br />
    Lähde: PxVisualizer-fi
  </span>
</div>
`;

exports[`Html table render tests should match snapshot: Table with row and column variables 1`] = `
<div
  id="test-4329874982374983798"
>
  <p
    class="tableChart-title"
    id="test-4329874982374983798-title"
  >
    Tiedot 2022Q1-2022Q4 muuttujina Tiedot, Alue, Huoneluku, Rahoitusmuoto
  </p>
  <table
    aria-labelledby="test-4329874982374983798-title"
    tabindex="0"
  >
    <thead>
      <tr>
        <td
          colspan="3"
          rowspan="2"
        />
        <th
          colspan="2"
          scope="col"
        >
          Yksiöt
        </th>
        <th
          colspan="2"
          scope="col"
        >
          Kaksiot
        </th>
      </tr>
      <tr>
        <th
          colspan="1"
          scope="col"
        >
          Lukumäärä
        </th>
        <th
          colspan="1"
          scope="col"
        >
          Neliövuokra (eur/m2)
        </th>
        <th
          colspan="1"
          scope="col"
        >
          Lukumäärä
        </th>
        <th
          colspan="1"
          scope="col"
        >
          Neliövuokra (eur/m2)
        </th>
      </tr>
    </thead>
    <tbody>
      <tr>
        <th
          rowspan="8"
          scope="row"
        >
          Helsinki
        </th>
        <th
          rowspan="2"
          scope="row"
        >
          2022Q1
        </th>
        <th
          rowspan="1"
          scope="row"
        >
          Vapaarahoitteinen
        </th>
        <td>
          13 021
        </td>
        <td>
          26,64
        </td>
        <td>
          10 080
        </td>
        <td>
          20,22
        </td>
      </tr>
      <tr>
        <th
          rowspan="1"
          scope="row"
        >
          ARA
        </th>
        <td>
          3 810
        </td>
        <td>
          15,90
        </td>
        <td>
          6 176
        </td>
        <td>
          13,74
        </td>
      </tr>
      <tr>
        <th
          rowspan="2"
          scope="row"
        >
          2022Q2
        </th>
        <th
          rowspan="1"
          scope="row"
        >
          Vapaarahoitteinen
        </th>
        <td>
          11 231
        </td>
        <td>
          26,82
        </td>
        <td>
          9 326
        </td>
        <td>
          20,45
        </td>
      </tr>
      <tr>
        <th
          rowspan="1"
          scope="row"
        >
          ARA
        </th>
        <td>
          3 552
        </td>
        <td>
          15,97
        </td>
        <td>
          5 749
        </td>
        <td>
          13,78
        </td>
      </tr>
      <tr>
        <th
          rowspan="2"
          scope="row"
        >
          2022Q3
        </th>
        <th
          rowspan="1"
          scope="row"
        >
          Vapaarahoitteinen
        </th>
        <td>
          10 269
        </td>
        <td>
          26,93
        </td>
        <td>
          8 907
        </td>
        <td>
          20,59
        </td>
      </tr>
      <tr>
        <th
          rowspan="1"
          scope="row"
        >
          ARA
        </th>
        <td>
          3 249
        </td>
        <td>
          15,99
        </td>
        <td>
          5 280
        </td>
        <td>
          13,79
        </td>
      </tr>
      <tr>
        <th
          rowspan="2"
          scope="row"
        >
          2022Q4
        </th>
        <th
          rowspan="1"
          scope="row"
        >
          Vapaarahoitteinen
        </th>
        <td>
          10 272
        </td>
        <td>
          26,93
        </td>
        <td>
          8 805
        </td>
        <td>
          20,66
        </td>
      </tr>
      <tr>
        <th
          rowspan="1"
          scope="row"
        >
          ARA
        </th>
        <td>
          3 323
        </td>
        <td>
          16,08
        </td>
        <td>
          5 265
        </td>
        <td>
          13,80
        </td>
      </tr>
      <tr>
        <th
          rowspan="8"
          scope="row"
        >
          Vantaa
        </th>
        <th
          rowspan="2"
          scope="row"
        >
          2022Q1
        </th>
        <th
          rowspan="1"
          scope="row"
        >
          Vapaarahoitteinen
        </th>
        <td>
          3 043
        </td>
        <td>
          23,48
        </td>
        <td>
          5 261
        </td>
        <td>
          17,62
        </td>
      </tr>
      <tr>
        <th
          rowspan="1"
          scope="row"
        >
          ARA
        </th>
        <td>
          941
        </td>
        <td>
          16,13
        </td>
        <td>
          2 083
        </td>
        <td>
          13,96
        </td>
      </tr>
      <tr>
        <th
          rowspan="2"
          scope="row"
        >
          2022Q2
        </th>
        <th
          rowspan="1"
          scope="row"
        >
          Vapaarahoitteinen
        </th>
        <td>
          2 679
        </td>
        <td>
          23,64
        </td>
        <td>
          5 017
        </td>
        <td>
          17,79
        </td>
      </tr>
      <tr>
        <th
          rowspan="1"
          scope="row"
        >
          ARA
        </th>
        <td>
          846
        </td>
        <td>
          16,05
        </td>
        <td>
          1 902
        </td>
        <td>
          13,91
        </td>
      </tr>
      <tr>
        <th
          rowspan="2"
          scope="row"
        >
          2022Q3
        </th>
        <th
          rowspan="1"
          scope="row"
        >
          Vapaarahoitteinen
        </th>
        <td>
          2 533
        </td>
        <td>
          23,68
        </td>
        <td>
          4 925
        </td>
        <td>
          17,85
        </td>
      </tr>
      <tr>
        <th
          rowspan="1"
          scope="row"
        >
          ARA
        </th>
        <td>
          763
        </td>
        <td>
          15,97
        </td>
        <td>
          1 778
        </td>
        <td>
          13,90
        </td>
      </tr>
      <tr>
        <th
          rowspan="2"
          scope="row"
        >
          2022Q4
        </th>
        <th
          rowspan="1"
          scope="row"
        >
          Vapaarahoitteinen
        </th>
        <td>
          2 548
        </td>
        <td>
          23,77
        </td>
        <td>
          4 882
        </td>
        <td>
          17,99
        </td>
      </tr>
      <tr>
        <th
          rowspan="1"
          scope="row"
        >
          ARA
        </th>
        <td>
          767
        </td>
        <td>
          15,98
        </td>
        <td>
          1 744
        </td>
        <td>
          13,97
        </td>
      </tr>
      <tr>
        <th
          rowspan="8"
          scope="row"
        >
          Turku
        </th>
        <th
          rowspan="2"
          scope="row"
        >
          2022Q1
        </th>
        <th
          rowspan="1"
          scope="row"
        >
          Vapaarahoitteinen
        </th>
        <td>
          5 534
        </td>
        <td>
          18,16
        </td>
        <td>
          4 267
        </td>
        <td>
          14,07
        </td>
      </tr>
      <tr>
        <th
          rowspan="1"
          scope="row"
        >
          ARA
        </th>
        <td>
          1 292
        </td>
        <td>
          13,91
        </td>
        <td>
          1 782
        </td>
        <td>
          11,81
        </td>
      </tr>
      <tr>
        <th
          rowspan="2"
          scope="row"
        >
          2022Q2
        </th>
        <th
          rowspan="1"
          scope="row"
        >
          Vapaarahoitteinen
        </th>
        <td>
          4 437
        </td>
        <td>
          18,32
        </td>
        <td>
          3 666
        </td>
        <td>
          14,27
        </td>
      </tr>
      <tr>
        <th
          rowspan="1"
          scope="row"
        >
          ARA
        </th>
        <td>
          1 149
        </td>
        <td>
          14,02
        </td>
        <td>
          1 642
        </td>
        <td>
          11,87
        </td>
      </tr>
      <tr>
        <th
          rowspan="2"
          scope="row"
        >
          2022Q3
        </th>
        <th
          rowspan="1"
          scope="row"
        >
          Vapaarahoitteinen
        </th>
        <td>
          4 014
        </td>
        <td>
          18,44
        </td>
        <td>
          3 329
        </td>
        <td>
          14,37
        </td>
      </tr>
      <tr>
        <th
          rowspan="1"
          scope="row"
        >
          ARA
        </th>
        <td>
          1 107
        </td>
        <td>
          14,06
        </td>
        <td>
          1 554
        </td>
        <td>
          11,86
        </td>
      </tr>
      <tr>
        <th
          rowspan="2"
          scope="row"
        >
          2022Q4
        </th>
        <th
          rowspan="1"
          scope="row"
        >
          Vapaarahoitteinen
        </th>
        <td>
          4 195
        </td>
        <td>
          18,53
        </td>
        <td>
          3 414
        </td>
        <td>
          14,48
        </td>
      </tr>
      <tr>
        <th
          rowspan="1"
          scope="row"
        >
          ARA
        </th>
        <td>
          1 161
        </td>
        <td>
          14,11
        </td>
        <td>
          1 557
        </td>
        <td>
          11,96
        </td>
      </tr>
    </tbody>
  </table>
  <span>
    Yksikkö: Lukumäärä: lukumäärä, Neliövuokra (eur/m2): eur / m2
  </span>
  <span>
    <br />
    Lähde: PxVisualizer-fi
  </span>
</div>
`;

exports[`Html table render tests should match snapshot: Table with row and column variables and footnote when given 1`] = `
<div
  id="test-4329874982374983798"
>
  <p
    class="tableChart-title"
    id="test-4329874982374983798-title"
  >
    Tiedot 2022Q1-2022Q4 muuttujina Tiedot, Alue, Huoneluku, Rahoitusmuoto
  </p>
  <table
    aria-labelledby="test-4329874982374983798-title"
    tabindex="0"
  >
    <thead>
      <tr>
        <td
          colspan="3"
          rowspan="2"
        />
        <th
          colspan="2"
          scope="col"
        >
          Yksiöt
        </th>
        <th
          colspan="2"
          scope="col"
        >
          Kaksiot
        </th>
      </tr>
      <tr>
        <th
          colspan="1"
          scope="col"
        >
          Lukumäärä
        </th>
        <th
          colspan="1"
          scope="col"
        >
          Neliövuokra (eur/m2)
        </th>
        <th
          colspan="1"
          scope="col"
        >
          Lukumäärä
        </th>
        <th
          colspan="1"
          scope="col"
        >
          Neliövuokra (eur/m2)
        </th>
      </tr>
    </thead>
    <tbody>
      <tr>
        <th
          rowspan="8"
          scope="row"
        >
          Helsinki
        </th>
        <th
          rowspan="2"
          scope="row"
        >
          2022Q1
        </th>
        <th
          rowspan="1"
          scope="row"
        >
          Vapaarahoitteinen
        </th>
        <td>
          13 021
        </td>
        <td>
          26,64
        </td>
        <td>
          10 080
        </td>
        <td>
          20,22
        </td>
      </tr>
      <tr>
        <th
          rowspan="1"
          scope="row"
        >
          ARA
        </th>
        <td>
          3 810
        </td>
        <td>
          15,90
        </td>
        <td>
          6 176
        </td>
        <td>
          13,74
        </td>
      </tr>
      <tr>
        <th
          rowspan="2"
          scope="row"
        >
          2022Q2
        </th>
        <th
          rowspan="1"
          scope="row"
        >
          Vapaarahoitteinen
        </th>
        <td>
          11 231
        </td>
        <td>
          26,82
        </td>
        <td>
          9 326
        </td>
        <td>
          20,45
        </td>
      </tr>
      <tr>
        <th
          rowspan="1"
          scope="row"
        >
          ARA
        </th>
        <td>
          3 552
        </td>
        <td>
          15,97
        </td>
        <td>
          5 749
        </td>
        <td>
          13,78
        </td>
      </tr>
      <tr>
        <th
          rowspan="2"
          scope="row"
        >
          2022Q3
        </th>
        <th
          rowspan="1"
          scope="row"
        >
          Vapaarahoitteinen
        </th>
        <td>
          10 269
        </td>
        <td>
          26,93
        </td>
        <td>
          8 907
        </td>
        <td>
          20,59
        </td>
      </tr>
      <tr>
        <th
          rowspan="1"
          scope="row"
        >
          ARA
        </th>
        <td>
          3 249
        </td>
        <td>
          15,99
        </td>
        <td>
          5 280
        </td>
        <td>
          13,79
        </td>
      </tr>
      <tr>
        <th
          rowspan="2"
          scope="row"
        >
          2022Q4
        </th>
        <th
          rowspan="1"
          scope="row"
        >
          Vapaarahoitteinen
        </th>
        <td>
          10 272
        </td>
        <td>
          26,93
        </td>
        <td>
          8 805
        </td>
        <td>
          20,66
        </td>
      </tr>
      <tr>
        <th
          rowspan="1"
          scope="row"
        >
          ARA
        </th>
        <td>
          3 323
        </td>
        <td>
          16,08
        </td>
        <td>
          5 265
        </td>
        <td>
          13,80
        </td>
      </tr>
      <tr>
        <th
          rowspan="8"
          scope="row"
        >
          Vantaa
        </th>
        <th
          rowspan="2"
          scope="row"
        >
          2022Q1
        </th>
        <th
          rowspan="1"
          scope="row"
        >
          Vapaarahoitteinen
        </th>
        <td>
          3 043
        </td>
        <td>
          23,48
        </td>
        <td>
          5 261
        </td>
        <td>
          17,62
        </td>
      </tr>
      <tr>
        <th
          rowspan="1"
          scope="row"
        >
          ARA
        </th>
        <td>
          941
        </td>
        <td>
          16,13
        </td>
        <td>
          2 083
        </td>
        <td>
          13,96
        </td>
      </tr>
      <tr>
        <th
          rowspan="2"
          scope="row"
        >
          2022Q2
        </th>
        <th
          rowspan="1"
          scope="row"
        >
          Vapaarahoitteinen
        </th>
        <td>
          2 679
        </td>
        <td>
          23,64
        </td>
        <td>
          5 017
        </td>
        <td>
          17,79
        </td>
      </tr>
      <tr>
        <th
          rowspan="1"
          scope="row"
        >
          ARA
        </th>
        <td>
          846
        </td>
        <td>
          16,05
        </td>
        <td>
          1 902
        </td>
        <td>
          13,91
        </td>
      </tr>
      <tr>
        <th
          rowspan="2"
          scope="row"
        >
          2022Q3
        </th>
        <th
          rowspan="1"
          scope="row"
        >
          Vapaarahoitteinen
        </th>
        <td>
          2 533
        </td>
        <td>
          23,68
        </td>
        <td>
          4 925
        </td>
        <td>
          17,85
        </td>
      </tr>
      <tr>
        <th
          rowspan="1"
          scope="row"
        >
          ARA
        </th>
        <td>
          763
        </td>
        <td>
          15,97
        </td>
        <td>
          1 778
        </td>
        <td>
          13,90
        </td>
      </tr>
      <tr>
        <th
          rowspan="2"
          scope="row"
        >
          2022Q4
        </th>
        <th
          rowspan="1"
          scope="row"
        >
          Vapaarahoitteinen
        </th>
        <td>
          2 548
        </td>
        <td>
          23,77
        </td>
        <td>
          4 882
        </td>
        <td>
          17,99
        </td>
      </tr>
      <tr>
        <th
          rowspan="1"
          scope="row"
        >
          ARA
        </th>
        <td>
          767
        </td>
        <td>
          15,98
        </td>
        <td>
          1 744
        </td>
        <td>
          13,97
        </td>
      </tr>
      <tr>
        <th
          rowspan="8"
          scope="row"
        >
          Turku
        </th>
        <th
          rowspan="2"
          scope="row"
        >
          2022Q1
        </th>
        <th
          rowspan="1"
          scope="row"
        >
          Vapaarahoitteinen
        </th>
        <td>
          5 534
        </td>
        <td>
          18,16
        </td>
        <td>
          4 267
        </td>
        <td>
          14,07
        </td>
      </tr>
      <tr>
        <th
          rowspan="1"
          scope="row"
        >
          ARA
        </th>
        <td>
          1 292
        </td>
        <td>
          13,91
        </td>
        <td>
          1 782
        </td>
        <td>
          11,81
        </td>
      </tr>
      <tr>
        <th
          rowspan="2"
          scope="row"
        >
          2022Q2
        </th>
        <th
          rowspan="1"
          scope="row"
        >
          Vapaarahoitteinen
        </th>
        <td>
          4 437
        </td>
        <td>
          18,32
        </td>
        <td>
          3 666
        </td>
        <td>
          14,27
        </td>
      </tr>
      <tr>
        <th
          rowspan="1"
          scope="row"
        >
          ARA
        </th>
        <td>
          1 149
        </td>
        <td>
          14,02
        </td>
        <td>
          1 642
        </td>
        <td>
          11,87
        </td>
      </tr>
      <tr>
        <th
          rowspan="2"
          scope="row"
        >
          2022Q3
        </th>
        <th
          rowspan="1"
          scope="row"
        >
          Vapaarahoitteinen
        </th>
        <td>
          4 014
        </td>
        <td>
          18,44
        </td>
        <td>
          3 329
        </td>
        <td>
          14,37
        </td>
      </tr>
      <tr>
        <th
          rowspan="1"
          scope="row"
        >
          ARA
        </th>
        <td>
          1 107
        </td>
        <td>
          14,06
        </td>
        <td>
          1 554
        </td>
        <td>
          11,86
        </td>
      </tr>
      <tr>
        <th
          rowspan="2"
          scope="row"
        >
          2022Q4
        </th>
        <th
          rowspan="1"
          scope="row"
        >
          Vapaarahoitteinen
        </th>
        <td>
          4 195
        </td>
        <td>
          18,53
        </td>
        <td>
          3 414
        </td>
        <td>
          14,48
        </td>
      </tr>
      <tr>
        <th
          rowspan="1"
          scope="row"
        >
          ARA
        </th>
        <td>
          1 161
        </td>
        <td>
          14,11
        </td>
        <td>
          1 557
        </td>
        <td>
          11,96
        </td>
      </tr>
    </tbody>
  </table>
  <span>
    Test footnote
  </span>
</div>
`;

exports[`Html table render tests should match snapshot: Table with row and column variables and title disabled 1`] = `
<div
  id="test-4329874982374983798"
>
  <table
    tabindex="0"
  >
    <thead>
      <tr>
        <td
          colspan="3"
          rowspan="2"
        />
        <th
          colspan="2"
          scope="col"
        >
          Yksiöt
        </th>
        <th
          colspan="2"
          scope="col"
        >
          Kaksiot
        </th>
      </tr>
      <tr>
        <th
          colspan="1"
          scope="col"
        >
          Lukumäärä
        </th>
        <th
          colspan="1"
          scope="col"
        >
          Neliövuokra (eur/m2)
        </th>
        <th
          colspan="1"
          scope="col"
        >
          Lukumäärä
        </th>
        <th
          colspan="1"
          scope="col"
        >
          Neliövuokra (eur/m2)
        </th>
      </tr>
    </thead>
    <tbody>
      <tr>
        <th
          rowspan="8"
          scope="row"
        >
          Helsinki
        </th>
        <th
          rowspan="2"
          scope="row"
        >
          2022Q1
        </th>
        <th
          rowspan="1"
          scope="row"
        >
          Vapaarahoitteinen
        </th>
        <td>
          13 021
        </td>
        <td>
          26,64
        </td>
        <td>
          10 080
        </td>
        <td>
          20,22
        </td>
      </tr>
      <tr>
        <th
          rowspan="1"
          scope="row"
        >
          ARA
        </th>
        <td>
          3 810
        </td>
        <td>
          15,90
        </td>
        <td>
          6 176
        </td>
        <td>
          13,74
        </td>
      </tr>
      <tr>
        <th
          rowspan="2"
          scope="row"
        >
          2022Q2
        </th>
        <th
          rowspan="1"
          scope="row"
        >
          Vapaarahoitteinen
        </th>
        <td>
          11 231
        </td>
        <td>
          26,82
        </td>
        <td>
          9 326
        </td>
        <td>
          20,45
        </td>
      </tr>
      <tr>
        <th
          rowspan="1"
          scope="row"
        >
          ARA
        </th>
        <td>
          3 552
        </td>
        <td>
          15,97
        </td>
        <td>
          5 749
        </td>
        <td>
          13,78
        </td>
      </tr>
      <tr>
        <th
          rowspan="2"
          scope="row"
        >
          2022Q3
        </th>
        <th
          rowspan="1"
          scope="row"
        >
          Vapaarahoitteinen
        </th>
        <td>
          10 269
        </td>
        <td>
          26,93
        </td>
        <td>
          8 907
        </td>
        <td>
          20,59
        </td>
      </tr>
      <tr>
        <th
          rowspan="1"
          scope="row"
        >
          ARA
        </th>
        <td>
          3 249
        </td>
        <td>
          15,99
        </td>
        <td>
          5 280
        </td>
        <td>
          13,79
        </td>
      </tr>
      <tr>
        <th
          rowspan="2"
          scope="row"
        >
          2022Q4
        </th>
        <th
          rowspan="1"
          scope="row"
        >
          Vapaarahoitteinen
        </th>
        <td>
          10 272
        </td>
        <td>
          26,93
        </td>
        <td>
          8 805
        </td>
        <td>
          20,66
        </td>
      </tr>
      <tr>
        <th
          rowspan="1"
          scope="row"
        >
          ARA
        </th>
        <td>
          3 323
        </td>
        <td>
          16,08
        </td>
        <td>
          5 265
        </td>
        <td>
          13,80
        </td>
      </tr>
      <tr>
        <th
          rowspan="8"
          scope="row"
        >
          Vantaa
        </th>
        <th
          rowspan="2"
          scope="row"
        >
          2022Q1
        </th>
        <th
          rowspan="1"
          scope="row"
        >
          Vapaarahoitteinen
        </th>
        <td>
          3 043
        </td>
        <td>
          23,48
        </td>
        <td>
          5 261
        </td>
        <td>
          17,62
        </td>
      </tr>
      <tr>
        <th
          rowspan="1"
          scope="row"
        >
          ARA
        </th>
        <td>
          941
        </td>
        <td>
          16,13
        </td>
        <td>
          2 083
        </td>
        <td>
          13,96
        </td>
      </tr>
      <tr>
        <th
          rowspan="2"
          scope="row"
        >
          2022Q2
        </th>
        <th
          rowspan="1"
          scope="row"
        >
          Vapaarahoitteinen
        </th>
        <td>
          2 679
        </td>
        <td>
          23,64
        </td>
        <td>
          5 017
        </td>
        <td>
          17,79
        </td>
      </tr>
      <tr>
        <th
          rowspan="1"
          scope="row"
        >
          ARA
        </th>
        <td>
          846
        </td>
        <td>
          16,05
        </td>
        <td>
          1 902
        </td>
        <td>
          13,91
        </td>
      </tr>
      <tr>
        <th
          rowspan="2"
          scope="row"
        >
          2022Q3
        </th>
        <th
          rowspan="1"
          scope="row"
        >
          Vapaarahoitteinen
        </th>
        <td>
          2 533
        </td>
        <td>
          23,68
        </td>
        <td>
          4 925
        </td>
        <td>
          17,85
        </td>
      </tr>
      <tr>
        <th
          rowspan="1"
          scope="row"
        >
          ARA
        </th>
        <td>
          763
        </td>
        <td>
          15,97
        </td>
        <td>
          1 778
        </td>
        <td>
          13,90
        </td>
      </tr>
      <tr>
        <th
          rowspan="2"
          scope="row"
        >
          2022Q4
        </th>
        <th
          rowspan="1"
          scope="row"
        >
          Vapaarahoitteinen
        </th>
        <td>
          2 548
        </td>
        <td>
          23,77
        </td>
        <td>
          4 882
        </td>
        <td>
          17,99
        </td>
      </tr>
      <tr>
        <th
          rowspan="1"
          scope="row"
        >
          ARA
        </th>
        <td>
          767
        </td>
        <td>
          15,98
        </td>
        <td>
          1 744
        </td>
        <td>
          13,97
        </td>
      </tr>
      <tr>
        <th
          rowspan="8"
          scope="row"
        >
          Turku
        </th>
        <th
          rowspan="2"
          scope="row"
        >
          2022Q1
        </th>
        <th
          rowspan="1"
          scope="row"
        >
          Vapaarahoitteinen
        </th>
        <td>
          5 534
        </td>
        <td>
          18,16
        </td>
        <td>
          4 267
        </td>
        <td>
          14,07
        </td>
      </tr>
      <tr>
        <th
          rowspan="1"
          scope="row"
        >
          ARA
        </th>
        <td>
          1 292
        </td>
        <td>
          13,91
        </td>
        <td>
          1 782
        </td>
        <td>
          11,81
        </td>
      </tr>
      <tr>
        <th
          rowspan="2"
          scope="row"
        >
          2022Q2
        </th>
        <th
          rowspan="1"
          scope="row"
        >
          Vapaarahoitteinen
        </th>
        <td>
          4 437
        </td>
        <td>
          18,32
        </td>
        <td>
          3 666
        </td>
        <td>
          14,27
        </td>
      </tr>
      <tr>
        <th
          rowspan="1"
          scope="row"
        >
          ARA
        </th>
        <td>
          1 149
        </td>
        <td>
          14,02
        </td>
        <td>
          1 642
        </td>
        <td>
          11,87
        </td>
      </tr>
      <tr>
        <th
          rowspan="2"
          scope="row"
        >
          2022Q3
        </th>
        <th
          rowspan="1"
          scope="row"
        >
          Vapaarahoitteinen
        </th>
        <td>
          4 014
        </td>
        <td>
          18,44
        </td>
        <td>
          3 329
        </td>
        <td>
          14,37
        </td>
      </tr>
      <tr>
        <th
          rowspan="1"
          scope="row"
        >
          ARA
        </th>
        <td>
          1 107
        </td>
        <td>
          14,06
        </td>
        <td>
          1 554
        </td>
        <td>
          11,86
        </td>
      </tr>
      <tr>
        <th
          rowspan="2"
          scope="row"
        >
          2022Q4
        </th>
        <th
          rowspan="1"
          scope="row"
        >
          Vapaarahoitteinen
        </th>
        <td>
          4 195
        </td>
        <td>
          18,53
        </td>
        <td>
          3 414
        </td>
        <td>
          14,48
        </td>
      </tr>
      <tr>
        <th
          rowspan="1"
          scope="row"
        >
          ARA
        </th>
        <td>
          1 161
        </td>
        <td>
          14,11
        </td>
        <td>
          1 557
        </td>
        <td>
          11,96
        </td>
      </tr>
    </tbody>
  </table>
  <span>
    Yksikkö: Lukumäärä: lukumäärä, Neliövuokra (eur/m2): eur / m2
  </span>
  <span>
    <br />
    Lähde: PxVisualizer-fi
  </span>
</div>
`;

exports[`Html table render tests should match snapshot: Table with row and column variables and units and sources disabled 1`] = `
<div
  id="test-4329874982374983798"
>
  <p
    class="tableChart-title"
    id="test-4329874982374983798-title"
  >
    Tiedot 2022Q1-2022Q4 muuttujina Tiedot, Alue, Huoneluku, Rahoitusmuoto
  </p>
  <table
    aria-labelledby="test-4329874982374983798-title"
    tabindex="0"
  >
    <thead>
      <tr>
        <td
          colspan="3"
          rowspan="2"
        />
        <th
          colspan="2"
          scope="col"
        >
          Yksiöt
        </th>
        <th
          colspan="2"
          scope="col"
        >
          Kaksiot
        </th>
      </tr>
      <tr>
        <th
          colspan="1"
          scope="col"
        >
          Lukumäärä
        </th>
        <th
          colspan="1"
          scope="col"
        >
          Neliövuokra (eur/m2)
        </th>
        <th
          colspan="1"
          scope="col"
        >
          Lukumäärä
        </th>
        <th
          colspan="1"
          scope="col"
        >
          Neliövuokra (eur/m2)
        </th>
      </tr>
    </thead>
    <tbody>
      <tr>
        <th
          rowspan="8"
          scope="row"
        >
          Helsinki
        </th>
        <th
          rowspan="2"
          scope="row"
        >
          2022Q1
        </th>
        <th
          rowspan="1"
          scope="row"
        >
          Vapaarahoitteinen
        </th>
        <td>
          13 021
        </td>
        <td>
          26,64
        </td>
        <td>
          10 080
        </td>
        <td>
          20,22
        </td>
      </tr>
      <tr>
        <th
          rowspan="1"
          scope="row"
        >
          ARA
        </th>
        <td>
          3 810
        </td>
        <td>
          15,90
        </td>
        <td>
          6 176
        </td>
        <td>
          13,74
        </td>
      </tr>
      <tr>
        <th
          rowspan="2"
          scope="row"
        >
          2022Q2
        </th>
        <th
          rowspan="1"
          scope="row"
        >
          Vapaarahoitteinen
        </th>
        <td>
          11 231
        </td>
        <td>
          26,82
        </td>
        <td>
          9 326
        </td>
        <td>
          20,45
        </td>
      </tr>
      <tr>
        <th
          rowspan="1"
          scope="row"
        >
          ARA
        </th>
        <td>
          3 552
        </td>
        <td>
          15,97
        </td>
        <td>
          5 749
        </td>
        <td>
          13,78
        </td>
      </tr>
      <tr>
        <th
          rowspan="2"
          scope="row"
        >
          2022Q3
        </th>
        <th
          rowspan="1"
          scope="row"
        >
          Vapaarahoitteinen
        </th>
        <td>
          10 269
        </td>
        <td>
          26,93
        </td>
        <td>
          8 907
        </td>
        <td>
          20,59
        </td>
      </tr>
      <tr>
        <th
          rowspan="1"
          scope="row"
        >
          ARA
        </th>
        <td>
          3 249
        </td>
        <td>
          15,99
        </td>
        <td>
          5 280
        </td>
        <td>
          13,79
        </td>
      </tr>
      <tr>
        <th
          rowspan="2"
          scope="row"
        >
          2022Q4
        </th>
        <th
          rowspan="1"
          scope="row"
        >
          Vapaarahoitteinen
        </th>
        <td>
          10 272
        </td>
        <td>
          26,93
        </td>
        <td>
          8 805
        </td>
        <td>
          20,66
        </td>
      </tr>
      <tr>
        <th
          rowspan="1"
          scope="row"
        >
          ARA
        </th>
        <td>
          3 323
        </td>
        <td>
          16,08
        </td>
        <td>
          5 265
        </td>
        <td>
          13,80
        </td>
      </tr>
      <tr>
        <th
          rowspan="8"
          scope="row"
        >
          Vantaa
        </th>
        <th
          rowspan="2"
          scope="row"
        >
          2022Q1
        </th>
        <th
          rowspan="1"
          scope="row"
        >
          Vapaarahoitteinen
        </th>
        <td>
          3 043
        </td>
        <td>
          23,48
        </td>
        <td>
          5 261
        </td>
        <td>
          17,62
        </td>
      </tr>
      <tr>
        <th
          rowspan="1"
          scope="row"
        >
          ARA
        </th>
        <td>
          941
        </td>
        <td>
          16,13
        </td>
        <td>
          2 083
        </td>
        <td>
          13,96
        </td>
      </tr>
      <tr>
        <th
          rowspan="2"
          scope="row"
        >
          2022Q2
        </th>
        <th
          rowspan="1"
          scope="row"
        >
          Vapaarahoitteinen
        </th>
        <td>
          2 679
        </td>
        <td>
          23,64
        </td>
        <td>
          5 017
        </td>
        <td>
          17,79
        </td>
      </tr>
      <tr>
        <th
          rowspan="1"
          scope="row"
        >
          ARA
        </th>
        <td>
          846
        </td>
        <td>
          16,05
        </td>
        <td>
          1 902
        </td>
        <td>
          13,91
        </td>
      </tr>
      <tr>
        <th
          rowspan="2"
          scope="row"
        >
          2022Q3
        </th>
        <th
          rowspan="1"
          scope="row"
        >
          Vapaarahoitteinen
        </th>
        <td>
          2 533
        </td>
        <td>
          23,68
        </td>
        <td>
          4 925
        </td>
        <td>
          17,85
        </td>
      </tr>
      <tr>
        <th
          rowspan="1"
          scope="row"
        >
          ARA
        </th>
        <td>
          763
        </td>
        <td>
          15,97
        </td>
        <td>
          1 778
        </td>
        <td>
          13,90
        </td>
      </tr>
      <tr>
        <th
          rowspan="2"
          scope="row"
        >
          2022Q4
        </th>
        <th
          rowspan="1"
          scope="row"
        >
          Vapaarahoitteinen
        </th>
        <td>
          2 548
        </td>
        <td>
          23,77
        </td>
        <td>
          4 882
        </td>
        <td>
          17,99
        </td>
      </tr>
      <tr>
        <th
          rowspan="1"
          scope="row"
        >
          ARA
        </th>
        <td>
          767
        </td>
        <td>
          15,98
        </td>
        <td>
          1 744
        </td>
        <td>
          13,97
        </td>
      </tr>
      <tr>
        <th
          rowspan="8"
          scope="row"
        >
          Turku
        </th>
        <th
          rowspan="2"
          scope="row"
        >
          2022Q1
        </th>
        <th
          rowspan="1"
          scope="row"
        >
          Vapaarahoitteinen
        </th>
        <td>
          5 534
        </td>
        <td>
          18,16
        </td>
        <td>
          4 267
        </td>
        <td>
          14,07
        </td>
      </tr>
      <tr>
        <th
          rowspan="1"
          scope="row"
        >
          ARA
        </th>
        <td>
          1 292
        </td>
        <td>
          13,91
        </td>
        <td>
          1 782
        </td>
        <td>
          11,81
        </td>
      </tr>
      <tr>
        <th
          rowspan="2"
          scope="row"
        >
          2022Q2
        </th>
        <th
          rowspan="1"
          scope="row"
        >
          Vapaarahoitteinen
        </th>
        <td>
          4 437
        </td>
        <td>
          18,32
        </td>
        <td>
          3 666
        </td>
        <td>
          14,27
        </td>
      </tr>
      <tr>
        <th
          rowspan="1"
          scope="row"
        >
          ARA
        </th>
        <td>
          1 149
        </td>
        <td>
          14,02
        </td>
        <td>
          1 642
        </td>
        <td>
          11,87
        </td>
      </tr>
      <tr>
        <th
          rowspan="2"
          scope="row"
        >
          2022Q3
        </th>
        <th
          rowspan="1"
          scope="row"
        >
          Vapaarahoitteinen
        </th>
        <td>
          4 014
        </td>
        <td>
          18,44
        </td>
        <td>
          3 329
        </td>
        <td>
          14,37
        </td>
      </tr>
      <tr>
        <th
          rowspan="1"
          scope="row"
        >
          ARA
        </th>
        <td>
          1 107
        </td>
        <td>
          14,06
        </td>
        <td>
          1 554
        </td>
        <td>
          11,86
        </td>
      </tr>
      <tr>
        <th
          rowspan="2"
          scope="row"
        >
          2022Q4
        </th>
        <th
          rowspan="1"
          scope="row"
        >
          Vapaarahoitteinen
        </th>
        <td>
          4 195
        </td>
        <td>
          18,53
        </td>
        <td>
          3 414
        </td>
        <td>
          14,48
        </td>
      </tr>
      <tr>
        <th
          rowspan="1"
          scope="row"
        >
          ARA
        </th>
        <td>
          1 161
        </td>
        <td>
          14,11
        </td>
        <td>
          1 557
        </td>
        <td>
          11,96
        </td>
      </tr>
    </tbody>
  </table>
</div>
`;

exports[`Html table render tests should match snapshot: Table with row variables only 1`] = `
<div
  id="test-9483567287648723649867"
>
  <p
    class="tableChart-title"
    id="test-9483567287648723649867-title"
  >
    Lukumäärä 2022Q1-2022Q4 muuttujina Alue, Huoneluku, Rahoitusmuoto
  </p>
  <table
    aria-labelledby="test-9483567287648723649867-title"
    tabindex="0"
  >
    <tbody>
      <tr>
        <th
          rowspan="16"
          scope="row"
        >
          Vantaa
        </th>
        <th
          rowspan="4"
          scope="row"
        >
          2022Q1
        </th>
        <th
          rowspan="2"
          scope="row"
        >
          Vapaarahoitteinen
        </th>
        <th
          rowspan="1"
          scope="row"
        >
          Yksiöt
        </th>
        <td>
          3 043
        </td>
      </tr>
      <tr>
        <th
          rowspan="1"
          scope="row"
        >
          Kaksiot
        </th>
        <td>
          5 261
        </td>
      </tr>
      <tr>
        <th
          rowspan="2"
          scope="row"
        >
          ARA
        </th>
        <th
          rowspan="1"
          scope="row"
        >
          Yksiöt
        </th>
        <td>
          941
        </td>
      </tr>
      <tr>
        <th
          rowspan="1"
          scope="row"
        >
          Kaksiot
        </th>
        <td>
          2 083
        </td>
      </tr>
      <tr>
        <th
          rowspan="4"
          scope="row"
        >
          2022Q2
        </th>
        <th
          rowspan="2"
          scope="row"
        >
          Vapaarahoitteinen
        </th>
        <th
          rowspan="1"
          scope="row"
        >
          Yksiöt
        </th>
        <td>
          2 679
        </td>
      </tr>
      <tr>
        <th
          rowspan="1"
          scope="row"
        >
          Kaksiot
        </th>
        <td>
          5 017
        </td>
      </tr>
      <tr>
        <th
          rowspan="2"
          scope="row"
        >
          ARA
        </th>
        <th
          rowspan="1"
          scope="row"
        >
          Yksiöt
        </th>
        <td>
          846
        </td>
      </tr>
      <tr>
        <th
          rowspan="1"
          scope="row"
        >
          Kaksiot
        </th>
        <td>
          1 902
        </td>
      </tr>
      <tr>
        <th
          rowspan="4"
          scope="row"
        >
          2022Q3
        </th>
        <th
          rowspan="2"
          scope="row"
        >
          Vapaarahoitteinen
        </th>
        <th
          rowspan="1"
          scope="row"
        >
          Yksiöt
        </th>
        <td>
          2 533
        </td>
      </tr>
      <tr>
        <th
          rowspan="1"
          scope="row"
        >
          Kaksiot
        </th>
        <td>
          4 925
        </td>
      </tr>
      <tr>
        <th
          rowspan="2"
          scope="row"
        >
          ARA
        </th>
        <th
          rowspan="1"
          scope="row"
        >
          Yksiöt
        </th>
        <td>
          763
        </td>
      </tr>
      <tr>
        <th
          rowspan="1"
          scope="row"
        >
          Kaksiot
        </th>
        <td>
          1 778
        </td>
      </tr>
      <tr>
        <th
          rowspan="4"
          scope="row"
        >
          2022Q4
        </th>
        <th
          rowspan="2"
          scope="row"
        >
          Vapaarahoitteinen
        </th>
        <th
          rowspan="1"
          scope="row"
        >
          Yksiöt
        </th>
        <td>
          2 548
        </td>
      </tr>
      <tr>
        <th
          rowspan="1"
          scope="row"
        >
          Kaksiot
        </th>
        <td>
          4 882
        </td>
      </tr>
      <tr>
        <th
          rowspan="2"
          scope="row"
        >
          ARA
        </th>
        <th
          rowspan="1"
          scope="row"
        >
          Yksiöt
        </th>
        <td>
          767
        </td>
      </tr>
      <tr>
        <th
          rowspan="1"
          scope="row"
        >
          Kaksiot
        </th>
        <td>
          1 744
        </td>
      </tr>
      <tr>
        <th
          rowspan="16"
          scope="row"
        >
          Turku
        </th>
        <th
          rowspan="4"
          scope="row"
        >
          2022Q1
        </th>
        <th
          rowspan="2"
          scope="row"
        >
          Vapaarahoitteinen
        </th>
        <th
          rowspan="1"
          scope="row"
        >
          Yksiöt
        </th>
        <td>
          5 534
        </td>
      </tr>
      <tr>
        <th
          rowspan="1"
          scope="row"
        >
          Kaksiot
        </th>
        <td>
          4 267
        </td>
      </tr>
      <tr>
        <th
          rowspan="2"
          scope="row"
        >
          ARA
        </th>
        <th
          rowspan="1"
          scope="row"
        >
          Yksiöt
        </th>
        <td>
          1 292
        </td>
      </tr>
      <tr>
        <th
          rowspan="1"
          scope="row"
        >
          Kaksiot
        </th>
        <td>
          1 782
        </td>
      </tr>
      <tr>
        <th
          rowspan="4"
          scope="row"
        >
          2022Q2
        </th>
        <th
          rowspan="2"
          scope="row"
        >
          Vapaarahoitteinen
        </th>
        <th
          rowspan="1"
          scope="row"
        >
          Yksiöt
        </th>
        <td>
          4 437
        </td>
      </tr>
      <tr>
        <th
          rowspan="1"
          scope="row"
        >
          Kaksiot
        </th>
        <td>
          3 666
        </td>
      </tr>
      <tr>
        <th
          rowspan="2"
          scope="row"
        >
          ARA
        </th>
        <th
          rowspan="1"
          scope="row"
        >
          Yksiöt
        </th>
        <td>
          1 149
        </td>
      </tr>
      <tr>
        <th
          rowspan="1"
          scope="row"
        >
          Kaksiot
        </th>
        <td>
          1 642
        </td>
      </tr>
      <tr>
        <th
          rowspan="4"
          scope="row"
        >
          2022Q3
        </th>
        <th
          rowspan="2"
          scope="row"
        >
          Vapaarahoitteinen
        </th>
        <th
          rowspan="1"
          scope="row"
        >
          Yksiöt
        </th>
        <td>
          4 014
        </td>
      </tr>
      <tr>
        <th
          rowspan="1"
          scope="row"
        >
          Kaksiot
        </th>
        <td>
          3 329
        </td>
      </tr>
      <tr>
        <th
          rowspan="2"
          scope="row"
        >
          ARA
        </th>
        <th
          rowspan="1"
          scope="row"
        >
          Yksiöt
        </th>
        <td>
          1 107
        </td>
      </tr>
      <tr>
        <th
          rowspan="1"
          scope="row"
        >
          Kaksiot
        </th>
        <td>
          1 554
        </td>
      </tr>
      <tr>
        <th
          rowspan="4"
          scope="row"
        >
          2022Q4
        </th>
        <th
          rowspan="2"
          scope="row"
        >
          Vapaarahoitteinen
        </th>
        <th
          rowspan="1"
          scope="row"
        >
          Yksiöt
        </th>
        <td>
          4 195
        </td>
      </tr>
      <tr>
        <th
          rowspan="1"
          scope="row"
        >
          Kaksiot
        </th>
        <td>
          3 414
        </td>
      </tr>
      <tr>
        <th
          rowspan="2"
          scope="row"
        >
          ARA
        </th>
        <th
          rowspan="1"
          scope="row"
        >
          Yksiöt
        </th>
        <td>
          1 161
        </td>
      </tr>
      <tr>
        <th
          rowspan="1"
          scope="row"
        >
          Kaksiot
        </th>
        <td>
          1 557
        </td>
      </tr>
    </tbody>
  </table>
  <span>
    Yksikkö: lukumäärä
  </span>
  <span>
    <br />
    Lähde: PxVisualizer-fi
  </span>
</div>
`;

exports[`Html table render tests should match snapshot: Table with source and footnote 1`] = `
<div
  id="test-6895638450983059889"
>
  <p
    class="tableChart-title"
    id="test-6895638450983059889-title"
  >
    Lukumäärä, Vantaa, Yksiöt, Vapaarahoitteinen 2022Q4
  </p>
  <table
    aria-labelledby="test-6895638450983059889-title"
    tabindex="0"
  >
    <tbody>
      <tr>
        <td>
          2 548
        </td>
      </tr>
    </tbody>
  </table>
  <span>
    Yksikkö: lukumäärä
  </span>
  <span>
    <br />
    Test footnote
  </span>
  <span>
    <br />
    Lähde: PxVisualizer-fi
  </span>
</div>
`;
