// Jest Snapshot v1, https://goo.gl/fbAQLP

exports[`Html table render tests should match snapshot: Key figure 1`] = `
"[36m<div[39m
  [33mid[39m=[32m"test-49871891798765432"[39m
[36m>[39m
  [36m<div[39m
    [33mclass[39m=[32m"keyFigure-container"[39m
  [36m>[39m
    [36m<div[39m
      [33mclass[39m=[32m"keyFigure-title"[39m
    [36m>[39m
      [0mLukumäärä, Vantaa, Yksiöt, Vapaarahoitteinen 2022Q4[0m
    [36m</div>[39m
    [36m<div[39m
      [33mclass[39m=[32m"keyFigure-value"[39m
    [36m>[39m
      [36m<span[39m
        [33mclass[39m=[32m"keyFigure-value-main"[39m
      [36m>[39m
        [0m2 548[0m
      [36m</span>[39m
      [36m<span[39m
        [33mclass[39m=[32m"keyFigure-unit"[39m
      [36m>[39m
        [0m lukumäärä[0m
      [36m</span>[39m
    [36m</div>[39m
    [36m<div[39m
      [33mclass[39m=[32m"keyFigure-time"[39m
    [36m>[39m
      [0m2022Q4[0m
    [36m</div>[39m
    [36m<div[39m
      [33mclass[39m=[32m"keyFigure-lastupdated"[39m
    [36m>[39m
      [0m2023-03-15[0m
    [36m</div>[39m
  [36m</div>[39m
[36m</div>[39m"
`;

exports[`Html table render tests should match snapshot: Table with column variables only 1`] = `
"[36m<div[39m
  [33mid[39m=[32m"test-49857934857938475938475"[39m
[36m>[39m
  [36m<table[39m
    [33mtabindex[39m=[32m"0"[39m
  [36m>[39m
    [36m<caption[39m
      [33mclass[39m=[32m"tableChart-caption"[39m
    [36m>[39m
      [0mAdoptiot 1987-1989 muuttujina Syntymävaltio, Ikä[0m
    [36m</caption>[39m
    [36m<thead>[39m
      [36m<tr>[39m
        [36m<th[39m
          [33mcolspan[39m=[32m"6"[39m
          [33mscope[39m=[32m"col"[39m
        [36m>[39m
          [0m1987[0m
        [36m</th>[39m
        [36m<th[39m
          [33mcolspan[39m=[32m"6"[39m
          [33mscope[39m=[32m"col"[39m
        [36m>[39m
          [0m1988[0m
        [36m</th>[39m
        [36m<th[39m
          [33mcolspan[39m=[32m"6"[39m
          [33mscope[39m=[32m"col"[39m
        [36m>[39m
          [0m1989[0m
        [36m</th>[39m
      [36m</tr>[39m
      [36m<tr>[39m
        [36m<th[39m
          [33mcolspan[39m=[32m"2"[39m
          [33mscope[39m=[32m"col"[39m
        [36m>[39m
          [0mSuomi[0m
        [36m</th>[39m
        [36m<th[39m
          [33mcolspan[39m=[32m"2"[39m
          [33mscope[39m=[32m"col"[39m
        [36m>[39m
          [0mEspanja[0m
        [36m</th>[39m
        [36m<th[39m
          [33mcolspan[39m=[32m"2"[39m
          [33mscope[39m=[32m"col"[39m
        [36m>[39m
          [0mItalia[0m
        [36m</th>[39m
        [36m<th[39m
          [33mcolspan[39m=[32m"2"[39m
          [33mscope[39m=[32m"col"[39m
        [36m>[39m
          [0mSuomi[0m
        [36m</th>[39m
        [36m<th[39m
          [33mcolspan[39m=[32m"2"[39m
          [33mscope[39m=[32m"col"[39m
        [36m>[39m
          [0mEspanja[0m
        [36m</th>[39m
        [36m<th[39m
          [33mcolspan[39m=[32m"2"[39m
          [33mscope[39m=[32m"col"[39m
        [36m>[39m
          [0mItalia[0m
        [36m</th>[39m
        [36m<th[39m
          [33mcolspan[39m=[32m"2"[39m
          [33mscope[39m=[32m"col"[39m
        [36m>[39m
          [0mSuomi[0m
        [36m</th>[39m
        [36m<th[39m
          [33mcolspan[39m=[32m"2"[39m
          [33mscope[39m=[32m"col"[39m
        [36m>[39m
          [0mEspanja[0m
        [36m</th>[39m
        [36m<th[39m
          [33mcolspan[39m=[32m"2"[39m
          [33mscope[39m=[32m"col"[39m
        [36m>[39m
          [0mItalia[0m
        [36m</th>[39m
      [36m</tr>[39m
      [36m<tr>[39m
        [36m<th[39m
          [33mcolspan[39m=[32m"1"[39m
          [33mscope[39m=[32m"col"[39m
        [36m>[39m
          [0m0 - 17[0m
        [36m</th>[39m
        [36m<th[39m
          [33mcolspan[39m=[32m"1"[39m
          [33mscope[39m=[32m"col"[39m
        [36m>[39m
          [0m18 -[0m
        [36m</th>[39m
        [36m<th[39m
          [33mcolspan[39m=[32m"1"[39m
          [33mscope[39m=[32m"col"[39m
        [36m>[39m
          [0m0 - 17[0m
        [36m</th>[39m
        [36m<th[39m
          [33mcolspan[39m=[32m"1"[39m
          [33mscope[39m=[32m"col"[39m
        [36m>[39m
          [0m18 -[0m
        [36m</th>[39m
        [36m<th[39m
          [33mcolspan[39m=[32m"1"[39m
          [33mscope[39m=[32m"col"[39m
        [36m>[39m
          [0m0 - 17[0m
        [36m</th>[39m
        [36m<th[39m
          [33mcolspan[39m=[32m"1"[39m
          [33mscope[39m=[32m"col"[39m
        [36m>[39m
          [0m18 -[0m
        [36m</th>[39m
        [36m<th[39m
          [33mcolspan[39m=[32m"1"[39m
          [33mscope[39m=[32m"col"[39m
        [36m>[39m
          [0m0 - 17[0m
        [36m</th>[39m
        [36m<th[39m
          [33mcolspan[39m=[32m"1"[39m
          [33mscope[39m=[32m"col"[39m
        [36m>[39m
          [0m18 -[0m
        [36m</th>[39m
        [36m<th[39m
          [33mcolspan[39m=[32m"1"[39m
          [33mscope[39m=[32m"col"[39m
        [36m>[39m
          [0m0 - 17[0m
        [36m</th>[39m
        [36m<th[39m
          [33mcolspan[39m=[32m"1"[39m
          [33mscope[39m=[32m"col"[39m
        [36m>[39m
          [0m18 -[0m
        [36m</th>[39m
        [36m<th[39m
          [33mcolspan[39m=[32m"1"[39m
          [33mscope[39m=[32m"col"[39m
        [36m>[39m
          [0m0 - 17[0m
        [36m</th>[39m
        [36m<th[39m
          [33mcolspan[39m=[32m"1"[39m
          [33mscope[39m=[32m"col"[39m
        [36m>[39m
          [0m18 -[0m
        [36m</th>[39m
        [36m<th[39m
          [33mcolspan[39m=[32m"1"[39m
          [33mscope[39m=[32m"col"[39m
        [36m>[39m
          [0m0 - 17[0m
        [36m</th>[39m
        [36m<th[39m
          [33mcolspan[39m=[32m"1"[39m
          [33mscope[39m=[32m"col"[39m
        [36m>[39m
          [0m18 -[0m
        [36m</th>[39m
        [36m<th[39m
          [33mcolspan[39m=[32m"1"[39m
          [33mscope[39m=[32m"col"[39m
        [36m>[39m
          [0m0 - 17[0m
        [36m</th>[39m
        [36m<th[39m
          [33mcolspan[39m=[32m"1"[39m
          [33mscope[39m=[32m"col"[39m
        [36m>[39m
          [0m18 -[0m
        [36m</th>[39m
        [36m<th[39m
          [33mcolspan[39m=[32m"1"[39m
          [33mscope[39m=[32m"col"[39m
        [36m>[39m
          [0m0 - 17[0m
        [36m</th>[39m
        [36m<th[39m
          [33mcolspan[39m=[32m"1"[39m
          [33mscope[39m=[32m"col"[39m
        [36m>[39m
          [0m18 -[0m
        [36m</th>[39m
      [36m</tr>[39m
    [36m</thead>[39m
    [36m<tbody>[39m
      [36m<tr>[39m
        [36m<td>[39m
          [0m242[0m
        [36m</td>[39m
        [36m<td>[39m
          [0m62[0m
        [36m</td>[39m
        [36m<td>[39m
          [0m0[0m
        [36m</td>[39m
        [36m<td>[39m
          [0m0[0m
        [36m</td>[39m
        [36m<td>[39m
          [0m0[0m
        [36m</td>[39m
        [36m<td>[39m
          [0m0[0m
        [36m</td>[39m
        [36m<td>[39m
          [0m240[0m
        [36m</td>[39m
        [36m<td>[39m
          [0m85[0m
        [36m</td>[39m
        [36m<td>[39m
          [0m0[0m
        [36m</td>[39m
        [36m<td>[39m
          [0m0[0m
        [36m</td>[39m
        [36m<td>[39m
          [0m0[0m
        [36m</td>[39m
        [36m<td>[39m
          [0m0[0m
        [36m</td>[39m
        [36m<td>[39m
          [0m216[0m
        [36m</td>[39m
        [36m<td>[39m
          [0m91[0m
        [36m</td>[39m
        [36m<td>[39m
          [0m0[0m
        [36m</td>[39m
        [36m<td>[39m
          [0m0[0m
        [36m</td>[39m
        [36m<td>[39m
          [0m0[0m
        [36m</td>[39m
        [36m<td>[39m
          [0m0[0m
        [36m</td>[39m
      [36m</tr>[39m
    [36m</tbody>[39m
  [36m</table>[39m
  [36m<p>[39m
    [0mYksikkö: lukumäärä[0m
  [36m</p>[39m
  [36m<p>[39m
    [0mLähde: PxVisualizer-fi[0m
  [36m</p>[39m
[36m</div>[39m"
`;

exports[`Html table render tests should match snapshot: Table with invalid missing data should render error message 1`] = `
"[36m<div[39m
  [33mid[39m=[32m"test-84957394875983745"[39m
[36m>[39m
  [36m<h1>[39m
    [0mKuviota ei voitu muodostaa[0m
  [36m</h1>[39m
[36m</div>[39m"
`;

exports[`Html table render tests should match snapshot: Table with missing data and selectable values 1`] = `
"[36m<div[39m
  [33mid[39m=[32m"test-84957394875983745"[39m
[36m>[39m
  [36m<table[39m
    [33mtabindex[39m=[32m"0"[39m
  [36m>[39m
    [36m<caption[39m
      [33mclass[39m=[32m"tableChart-caption"[39m
    [36m>[39m
      [0mNeliöhinta (EUR/m2), Helsinki 2020Q1-2023Q2* muuttujina Talotyyppi, Huoneluku[0m
      [36m<br />[39m
      [0mRivitalot | Kaksiot[0m
    [36m</caption>[39m
    [36m<thead>[39m
      [36m<tr>[39m
        [36m<th[39m
          [33mcolspan[39m=[32m"1"[39m
          [33mscope[39m=[32m"col"[39m
        [36m>[39m
          [0m2020Q1[0m
        [36m</th>[39m
        [36m<th[39m
          [33mcolspan[39m=[32m"1"[39m
          [33mscope[39m=[32m"col"[39m
        [36m>[39m
          [0m2020Q2[0m
        [36m</th>[39m
        [36m<th[39m
          [33mcolspan[39m=[32m"1"[39m
          [33mscope[39m=[32m"col"[39m
        [36m>[39m
          [0m2020Q3[0m
        [36m</th>[39m
        [36m<th[39m
          [33mcolspan[39m=[32m"1"[39m
          [33mscope[39m=[32m"col"[39m
        [36m>[39m
          [0m2020Q4[0m
        [36m</th>[39m
        [36m<th[39m
          [33mcolspan[39m=[32m"1"[39m
          [33mscope[39m=[32m"col"[39m
        [36m>[39m
          [0m2021Q1[0m
        [36m</th>[39m
        [36m<th[39m
          [33mcolspan[39m=[32m"1"[39m
          [33mscope[39m=[32m"col"[39m
        [36m>[39m
          [0m2021Q2[0m
        [36m</th>[39m
        [36m<th[39m
          [33mcolspan[39m=[32m"1"[39m
          [33mscope[39m=[32m"col"[39m
        [36m>[39m
          [0m2021Q3[0m
        [36m</th>[39m
        [36m<th[39m
          [33mcolspan[39m=[32m"1"[39m
          [33mscope[39m=[32m"col"[39m
        [36m>[39m
          [0m2021Q4[0m
        [36m</th>[39m
        [36m<th[39m
          [33mcolspan[39m=[32m"1"[39m
          [33mscope[39m=[32m"col"[39m
        [36m>[39m
          [0m2022Q1[0m
        [36m</th>[39m
        [36m<th[39m
          [33mcolspan[39m=[32m"1"[39m
          [33mscope[39m=[32m"col"[39m
        [36m>[39m
          [0m2022Q2[0m
        [36m</th>[39m
        [36m<th[39m
          [33mcolspan[39m=[32m"1"[39m
          [33mscope[39m=[32m"col"[39m
        [36m>[39m
          [0m2022Q3[0m
        [36m</th>[39m
        [36m<th[39m
          [33mcolspan[39m=[32m"1"[39m
          [33mscope[39m=[32m"col"[39m
        [36m>[39m
          [0m2022Q4[0m
        [36m</th>[39m
        [36m<th[39m
          [33mcolspan[39m=[32m"1"[39m
          [33mscope[39m=[32m"col"[39m
        [36m>[39m
          [0m2023Q1*[0m
        [36m</th>[39m
        [36m<th[39m
          [33mcolspan[39m=[32m"1"[39m
          [33mscope[39m=[32m"col"[39m
        [36m>[39m
          [0m2023Q2*[0m
        [36m</th>[39m
      [36m</tr>[39m
    [36m</thead>[39m
    [36m<tbody>[39m
      [36m<tr>[39m
        [36m<td>[39m
          [0mTieto puuttuu[0m
        [36m</td>[39m
        [36m<td>[39m
          [0mTieto puuttuu[0m
        [36m</td>[39m
        [36m<td>[39m
          [0mTieto puuttuu[0m
        [36m</td>[39m
        [36m<td>[39m
          [0mTieto puuttuu[0m
        [36m</td>[39m
        [36m<td>[39m
          [0mTieto puuttuu[0m
        [36m</td>[39m
        [36m<td>[39m
          [0mTieto puuttuu[0m
        [36m</td>[39m
        [36m<td>[39m
          [0mTieto puuttuu[0m
        [36m</td>[39m
        [36m<td>[39m
          [0mTieto puuttuu[0m
        [36m</td>[39m
        [36m<td>[39m
          [0mTieto puuttuu[0m
        [36m</td>[39m
        [36m<td>[39m
          [0mTieto puuttuu[0m
        [36m</td>[39m
        [36m<td>[39m
          [0mTieto puuttuu[0m
        [36m</td>[39m
        [36m<td>[39m
          [0mTieto puuttuu[0m
        [36m</td>[39m
        [36m<td>[39m
          [0mTieto puuttuu[0m
        [36m</td>[39m
        [36m<td>[39m
          [0mTieto puuttuu[0m
        [36m</td>[39m
      [36m</tr>[39m
    [36m</tbody>[39m
  [36m</table>[39m
  [36m<p>[39m
    [0mYksikkö: Eur / m2[0m
  [36m</p>[39m
  [36m<p>[39m
    [0mLähde: PxVisualizer-fi[0m
  [36m</p>[39m
[36m</div>[39m"
`;

exports[`Html table render tests should match snapshot: Table with only one cell 1`] = `
"[36m<div[39m
  [33mid[39m=[32m"test-6895638450983059889"[39m
[36m>[39m
  [36m<table[39m
    [33mtabindex[39m=[32m"0"[39m
  [36m>[39m
    [36m<caption[39m
      [33mclass[39m=[32m"tableChart-caption"[39m
    [36m>[39m
      [0mLukumäärä, Vantaa, Yksiöt, Vapaarahoitteinen 2022Q4[0m
    [36m</caption>[39m
    [36m<tbody>[39m
      [36m<tr>[39m
        [36m<td>[39m
          [0m2 548[0m
        [36m</td>[39m
      [36m</tr>[39m
    [36m</tbody>[39m
  [36m</table>[39m
  [36m<p>[39m
    [0mYksikkö: lukumäärä[0m
  [36m</p>[39m
  [36m<p>[39m
    [0mLähde: PxVisualizer-fi[0m
  [36m</p>[39m
[36m</div>[39m"
`;

exports[`Html table render tests should match snapshot: Table with row and column variables 1`] = `
"[36m<div[39m
  [33mid[39m=[32m"test-4329874982374983798"[39m
[36m>[39m
  [36m<table[39m
    [33mtabindex[39m=[32m"0"[39m
  [36m>[39m
    [36m<caption[39m
      [33mclass[39m=[32m"tableChart-caption"[39m
    [36m>[39m
      [0mTiedot 2022Q1-2022Q4 muuttujina Tiedot, Alue, Huoneluku, Rahoitusmuoto[0m
    [36m</caption>[39m
    [36m<thead>[39m
      [36m<tr>[39m
        [36m<td[39m
          [33mcolspan[39m=[32m"3"[39m
          [33mrowspan[39m=[32m"2"[39m
        [36m/>[39m
        [36m<th[39m
          [33mcolspan[39m=[32m"2"[39m
          [33mscope[39m=[32m"col"[39m
        [36m>[39m
          [0mYksiöt[0m
        [36m</th>[39m
        [36m<th[39m
          [33mcolspan[39m=[32m"2"[39m
          [33mscope[39m=[32m"col"[39m
        [36m>[39m
          [0mKaksiot[0m
        [36m</th>[39m
      [36m</tr>[39m
      [36m<tr>[39m
        [36m<th[39m
          [33mcolspan[39m=[32m"1"[39m
          [33mscope[39m=[32m"col"[39m
        [36m>[39m
          [0mLukumäärä[0m
        [36m</th>[39m
        [36m<th[39m
          [33mcolspan[39m=[32m"1"[39m
          [33mscope[39m=[32m"col"[39m
        [36m>[39m
          [0mNeliövuokra (eur/m2)[0m
        [36m</th>[39m
        [36m<th[39m
          [33mcolspan[39m=[32m"1"[39m
          [33mscope[39m=[32m"col"[39m
        [36m>[39m
          [0mLukumäärä[0m
        [36m</th>[39m
        [36m<th[39m
          [33mcolspan[39m=[32m"1"[39m
          [33mscope[39m=[32m"col"[39m
        [36m>[39m
          [0mNeliövuokra (eur/m2)[0m
        [36m</th>[39m
      [36m</tr>[39m
    [36m</thead>[39m
    [36m<tbody>[39m
      [36m<tr>[39m
        [36m<th[39m
          [33mrowspan[39m=[32m"8"[39m
          [33mscope[39m=[32m"row"[39m
        [36m>[39m
          [0mHelsinki[0m
        [36m</th>[39m
        [36m<th[39m
          [33mrowspan[39m=[32m"2"[39m
          [33mscope[39m=[32m"row"[39m
        [36m>[39m
          [0m2022Q1[0m
        [36m</th>[39m
        [36m<th[39m
          [33mrowspan[39m=[32m"1"[39m
          [33mscope[39m=[32m"row"[39m
        [36m>[39m
          [0mVapaarahoitteinen[0m
        [36m</th>[39m
        [36m<td>[39m
          [0m13 021[0m
        [36m</td>[39m
        [36m<td>[39m
          [0m26,64[0m
        [36m</td>[39m
        [36m<td>[39m
          [0m10 080[0m
        [36m</td>[39m
        [36m<td>[39m
          [0m20,22[0m
        [36m</td>[39m
      [36m</tr>[39m
      [36m<tr>[39m
        [36m<th[39m
          [33mrowspan[39m=[32m"1"[39m
          [33mscope[39m=[32m"row"[39m
        [36m>[39m
          [0mARA[0m
        [36m</th>[39m
        [36m<td>[39m
          [0m3 810[0m
        [36m</td>[39m
        [36m<td>[39m
          [0m15,90[0m
        [36m</td>[39m
        [36m<td>[39m
          [0m6 176[0m
        [36m</td>[39m
        [36m<td>[39m
          [0m13,74[0m
        [36m</td>[39m
      [36m</tr>[39m
      [36m<tr>[39m
        [36m<th[39m
          [33mrowspan[39m=[32m"2"[39m
          [33mscope[39m=[32m"row"[39m
        [36m>[39m
          [0m2022Q2[0m
        [36m</th>[39m
        [36m<th[39m
          [33mrowspan[39m=[32m"1"[39m
          [33mscope[39m=[32m"row"[39m
        [36m>[39m
          [0mVapaarahoitteinen[0m
        [36m</th>[39m
        [36m<td>[39m
          [0m11 231[0m
        [36m</td>[39m
        [36m<td>[39m
          [0m26,82[0m
        [36m</td>[39m
        [36m<td>[39m
          [0m9 326[0m
        [36m</td>[39m
        [36m<td>[39m
          [0m20,45[0m
        [36m</td>[39m
      [36m</tr>[39m
      [36m<tr>[39m
        [36m<th[39m
          [33mrowspan[39m=[32m"1"[39m
          [33mscope[39m=[32m"row"[39m
        [36m>[39m
          [0mARA[0m
        [36m</th>[39m
        [36m<td>[39m
          [0m3 552[0m
        [36m</td>[39m
        [36m<td>[39m
          [0m15,97[0m
        [36m</td>[39m
        [36m<td>[39m
          [0m5 749[0m
        [36m</td>[39m
        [36m<td>[39m
          [0m13,78[0m
        [36m</td>[39m
      [36m</tr>[39m
      [36m<tr>[39m
        [36m<th[39m
          [33mrowspan[39m=[32m"2"[39m
          [33mscope[39m=[32m"row"[39m
        [36m>[39m
          [0m2022Q3[0m
        [36m</th>[39m
        [36m<th[39m
          [33mrowspan[39m=[32m"1"[39m
          [33mscope[39m=[32m"row"[39m
        [36m>[39m
          [0mVapaarahoitteinen[0m
        [36m</th>[39m
        [36m<td>[39m
          [0m10 269[0m
        [36m</td>[39m
        [36m<td>[39m
          [0m26,93[0m
        [36m</td>[39m
        [36m<td>[39m
          [0m8 907[0m
        [36m</td>[39m
        [36m<td>[39m
          [0m20,59[0m
        [36m</td>[39m
      [36m</tr>[39m
      [36m<tr>[39m
        [36m<th[39m
          [33mrowspan[39m=[32m"1"[39m
          [33mscope[39m=[32m"row"[39m
        [36m>[39m
          [0mARA[0m
        [36m</th>[39m
        [36m<td>[39m
          [0m3 249[0m
        [36m</td>[39m
        [36m<td>[39m
          [0m15,99[0m
        [36m</td>[39m
        [36m<td>[39m
          [0m5 280[0m
        [36m</td>[39m
        [36m<td>[39m
          [0m13,79[0m
        [36m</td>[39m
      [36m</tr>[39m
      [36m<tr>[39m
        [36m<th[39m
          [33mrowspan[39m=[32m"2"[39m
          [33mscope[39m=[32m"row"[39m
        [36m>[39m
          [0m2022Q4[0m
        [36m</th>[39m
        [36m<th[39m
          [33mrowspan[39m=[32m"1"[39m
          [33mscope[39m=[32m"row"[39m
        [36m>[39m
          [0mVapaarahoitteinen[0m
        [36m</th>[39m
        [36m<td>[39m
          [0m10 272[0m
        [36m</td>[39m
        [36m<td>[39m
          [0m26,93[0m
        [36m</td>[39m
        [36m<td>[39m
          [0m8 805[0m
        [36m</td>[39m
        [36m<td>[39m
          [0m20,66[0m
        [36m</td>[39m
      [36m</tr>[39m
      [36m<tr>[39m
        [36m<th[39m
          [33mrowspan[39m=[32m"1"[39m
          [33mscope[39m=[32m"row"[39m
        [36m>[39m
          [0mARA[0m
        [36m</th>[39m
        [36m<td>[39m
          [0m3 323[0m
        [36m</td>[39m
        [36m<td>[39m
          [0m16,08[0m
        [36m</td>[39m
        [36m<td>[39m
          [0m5 265[0m
        [36m</td>[39m
        [36m<td>[39m
          [0m13,80[0m
        [36m</td>[39m
      [36m</tr>[39m
      [36m<tr>[39m
        [36m<th[39m
          [33mrowspan[39m=[32m"8"[39m
          [33mscope[39m=[32m"row"[39m
        [36m>[39m
          [0mVantaa[0m
        [36m</th>[39m
        [36m<th[39m
          [33mrowspan[39m=[32m"2"[39m
          [33mscope[39m=[32m"row"[39m
        [36m>[39m
          [0m2022Q1[0m
        [36m</th>[39m
        [36m<th[39m
          [33mrowspan[39m=[32m"1"[39m
          [33mscope[39m=[32m"row"[39m
        [36m>[39m
          [0mVapaarahoitteinen[0m
        [36m</th>[39m
        [36m<td>[39m
          [0m3 043[0m
        [36m</td>[39m
        [36m<td>[39m
          [0m23,48[0m
        [36m</td>[39m
        [36m<td>[39m
          [0m5 261[0m
        [36m</td>[39m
        [36m<td>[39m
          [0m17,62[0m
        [36m</td>[39m
      [36m</tr>[39m
      [36m<tr>[39m
        [36m<th[39m
          [33mrowspan[39m=[32m"1"[39m
          [33mscope[39m=[32m"row"[39m
        [36m>[39m
          [0mARA[0m
        [36m</th>[39m
        [36m<td>[39m
          [0m941[0m
        [36m</td>[39m
        [36m<td>[39m
          [0m16,13[0m
        [36m</td>[39m
        [36m<td>[39m
          [0m2 083[0m
        [36m</td>[39m
        [36m<td>[39m
          [0m13,96[0m
        [36m</td>[39m
      [36m</tr>[39m
      [36m<tr>[39m
        [36m<th[39m
          [33mrowspan[39m=[32m"2"[39m
          [33mscope[39m=[32m"row"[39m
        [36m>[39m
          [0m2022Q2[0m
        [36m</th>[39m
        [36m<th[39m
          [33mrowspan[39m=[32m"1"[39m
          [33mscope[39m=[32m"row"[39m
        [36m>[39m
          [0mVapaarahoitteinen[0m
        [36m</th>[39m
        [36m<td>[39m
          [0m2 679[0m
        [36m</td>[39m
        [36m<td>[39m
          [0m23,64[0m
        [36m</td>[39m
        [36m<td>[39m
          [0m5 017[0m
        [36m</td>[39m
        [36m<td>[39m
          [0m17,79[0m
        [36m</td>[39m
      [36m</tr>[39m
      [36m<tr>[39m
        [36m<th[39m
          [33mrowspan[39m=[32m"1"[39m
          [33mscope[39m=[32m"row"[39m
        [36m>[39m
          [0mARA[0m
        [36m</th>[39m
        [36m<td>[39m
          [0m846[0m
        [36m</td>[39m
        [36m<td>[39m
          [0m16,05[0m
        [36m</td>[39m
        [36m<td>[39m
          [0m1 902[0m
        [36m</td>[39m
        [36m<td>[39m
          [0m13,91[0m
        [36m</td>[39m
      [36m</tr>[39m
      [36m<tr>[39m
        [36m<th[39m
          [33mrowspan[39m=[32m"2"[39m
          [33mscope[39m=[32m"row"[39m
        [36m>[39m
          [0m2022Q3[0m
        [36m</th>[39m
        [36m<th[39m
          [33mrowspan[39m=[32m"1"[39m
          [33mscope[39m=[32m"row"[39m
        [36m>[39m
          [0mVapaarahoitteinen[0m
        [36m</th>[39m
        [36m<td>[39m
          [0m2 533[0m
        [36m</td>[39m
        [36m<td>[39m
          [0m23,68[0m
        [36m</td>[39m
        [36m<td>[39m
          [0m4 925[0m
        [36m</td>[39m
        [36m<td>[39m
          [0m17,85[0m
        [36m</td>[39m
      [36m</tr>[39m
      [36m<tr>[39m
        [36m<th[39m
          [33mrowspan[39m=[32m"1"[39m
          [33mscope[39m=[32m"row"[39m
        [36m>[39m
          [0mARA[0m
        [36m</th>[39m
        [36m<td>[39m
          [0m763[0m
        [36m</td>[39m
        [36m<td>[39m
          [0m15,97[0m
        [36m</td>[39m
        [36m<td>[39m
          [0m1 778[0m
        [36m</td>[39m
        [36m<td>[39m
          [0m13,90[0m
        [36m</td>[39m
      [36m</tr>[39m
      [36m<tr>[39m
        [36m<th[39m
          [33mrowspan[39m=[32m"2"[39m
          [33mscope[39m=[32m"row"[39m
        [36m>[39m
          [0m2022Q4[0m
        [36m</th>[39m
        [36m<th[39m
          [33mrowspan[39m=[32m"1"[39m
          [33mscope[39m=[32m"row"[39m
        [36m>[39m
          [0mVapaarahoitteinen[0m
        [36m</th>[39m
        [36m<td>[39m
          [0m2 548[0m
        [36m</td>[39m
        [36m<td>[39m
          [0m23,77[0m
        [36m</td>[39m
        [36m<td>[39m
          [0m4 882[0m
        [36m</td>[39m
        [36m<td>[39m
          [0m17,99[0m
        [36m</td>[39m
      [36m</tr>[39m
      [36m<tr>[39m
        [36m<th[39m
          [33mrowspan[39m=[32m"1"[39m
          [33mscope[39m=[32m"row"[39m
        [36m>[39m
          [0mARA[0m
        [36m</th>[39m
        [36m<td>[39m
          [0m767[0m
        [36m</td>[39m
        [36m<td>[39m
          [0m15,98[0m
        [36m</td>[39m
        [36m<td>[39m
          [0m1 744[0m
        [36m</td>[39m
        [36m<td>[39m
          [0m13,97[0m
        [36m</td>[39m
      [36m</tr>[39m
      [36m<tr>[39m
        [36m<th[39m
          [33mrowspan[39m=[32m"8"[39m
          [33mscope[39m=[32m"row"[39m
        [36m>[39m
          [0mTurku[0m
        [36m</th>[39m
        [36m<th[39m
          [33mrowspan[39m=[32m"2"[39m
          [33mscope[39m=[32m"row"[39m
        [36m>[39m
          [0m2022Q1[0m
        [36m</th>[39m
        [36m<th[39m
          [33mrowspan[39m=[32m"1"[39m
          [33mscope[39m=[32m"row"[39m
        [36m>[39m
          [0mVapaarahoitteinen[0m
        [36m</th>[39m
        [36m<td>[39m
          [0m5 534[0m
        [36m</td>[39m
        [36m<td>[39m
          [0m18,16[0m
        [36m</td>[39m
        [36m<td>[39m
          [0m4 267[0m
        [36m</td>[39m
        [36m<td>[39m
          [0m14,07[0m
        [36m</td>[39m
      [36m</tr>[39m
      [36m<tr>[39m
        [36m<th[39m
          [33mrowspan[39m=[32m"1"[39m
          [33mscope[39m=[32m"row"[39m
        [36m>[39m
          [0mARA[0m
        [36m</th>[39m
        [36m<td>[39m
          [0m1 292[0m
        [36m</td>[39m
        [36m<td>[39m
          [0m13,91[0m
        [36m</td>[39m
        [36m<td>[39m
          [0m1 782[0m
        [36m</td>[39m
        [36m<td>[39m
          [0m11,81[0m
        [36m</td>[39m
      [36m</tr>[39m
      [36m<tr>[39m
        [36m<th[39m
          [33mrowspan[39m=[32m"2"[39m
          [33mscope[39m=[32m"row"[39m
        [36m>[39m
          [0m2022Q2[0m
        [36m</th>[39m
        [36m<th[39m
          [33mrowspan[39m=[32m"1"[39m
          [33mscope[39m=[32m"row"[39m
        [36m>[39m
          [0mVapaarahoitteinen[0m
        [36m</th>[39m
        [36m<td>[39m
          [0m4 437[0m
        [36m</td>[39m
        [36m<td>[39m
          [0m18,32[0m
        [36m</td>[39m
        [36m<td>[39m
          [0m3 666[0m
        [36m</td>[39m
        [36m<td>[39m
          [0m14,27[0m
        [36m</td>[39m
      [36m</tr>[39m
      [36m<tr>[39m
        [36m<th[39m
          [33mrowspan[39m=[32m"1"[39m
          [33mscope[39m=[32m"row"[39m
        [36m>[39m
          [0mARA[0m
        [36m</th>[39m
        [36m<td>[39m
          [0m1 149[0m
        [36m</td>[39m
        [36m<td>[39m
          [0m14,02[0m
        [36m</td>[39m
        [36m<td>[39m
          [0m1 642[0m
        [36m</td>[39m
        [36m<td>[39m
          [0m11,87[0m
        [36m</td>[39m
      [36m</tr>[39m
      [36m<tr>[39m
        [36m<th[39m
          [33mrowspan[39m=[32m"2"[39m
          [33mscope[39m=[32m"row"[39m
        [36m>[39m
          [0m2022Q3[0m
        [36m</th>[39m
        [36m<th[39m
          [33mrowspan[39m=[32m"1"[39m
          [33mscope[39m=[32m"row"[39m
        [36m>[39m
          [0mVapaarahoitteinen[0m
        [36m</th>[39m
        [36m<td>[39m
          [0m4 014[0m
        [36m</td>[39m
        [36m<td>[39m
          [0m18,44[0m
        [36m</td>[39m
        [36m<td>[39m
          [0m3 329[0m
        [36m</td>[39m
        [36m<td>[39m
          [0m14,37[0m
        [36m</td>[39m
      [36m</tr>[39m
      [36m<tr>[39m
        [36m<th[39m
          [33mrowspan[39m=[32m"1"[39m
          [33mscope[39m=[32m"row"[39m
        [36m>[39m
          [0mARA[0m
        [36m</th>[39m
        [36m<td>[39m
          [0m1 107[0m
        [36m</td>[39m
        [36m<td>[39m
          [0m14,06[0m
        [36m</td>[39m
        [36m<td>[39m
          [0m1 554[0m
        [36m</td>[39m
        [36m<td>[39m
          [0m11,86[0m
        [36m</td>[39m
      [36m</tr>[39m
      [36m<tr>[39m
        [36m<th[39m
          [33mrowspan[39m=[32m"2"[39m
          [33mscope[39m=[32m"row"[39m
        [36m>[39m
          [0m2022Q4[0m
        [36m</th>[39m
        [36m<th[39m
          [33mrowspan[39m=[32m"1"[39m
          [33mscope[39m=[32m"row"[39m
        [36m>[39m
          [0mVapaarahoitteinen[0m
        [36m</th>[39m
        [36m<td>[39m
          [0m4 195[0m
        [36m</td>[39m
        [36m<td>[39m
          [0m18,53[0m
        [36m</td>[39m
        [36m<td>[39m
          [0m3 414[0m
        [36m</td>[39m
        [36m<td>[39m
          [0m14,48[0m
        [36m</td>[39m
      [36m</tr>[39m
      [36m<tr>[39m
        [36m<th[39m
          [33mrowspan[39m=[32m"1"[39m
          [33mscope[39m=[32m"row"[39m
        [36m>[39m
          [0mARA[0m
        [36m</th>[39m
        [36m<td>[39m
          [0m1 161[0m
        [36m</td>[39m
        [36m<td>[39m
          [0m14,11[0m
        [36m</td>[39m
        [36m<td>[39m
          [0m1 557[0m
        [36m</td>[39m
        [36m<td>[39m
          [0m11,96[0m
        [36m</td>[39m
      [36m</tr>[39m
    [36m</tbody>[39m
  [36m</table>[39m
  [36m<p>[39m
    [0mYksikkö: Lukumäärä: lukumäärä, Neliövuokra (eur/m2): eur / m2[0m
  [36m</p>[39m
  [36m<p>[39m
    [0mLähde: PxVisualizer-fi[0m
  [36m</p>[39m
[36m</div>[39m"
`;

exports[`Html table render tests should match snapshot: Table with row and column variables and footnote when given 1`] = `
"[36m<div[39m
  [33mid[39m=[32m"test-4329874982374983798"[39m
[36m>[39m
  [36m<table[39m
    [33mtabindex[39m=[32m"0"[39m
  [36m>[39m
    [36m<caption[39m
      [33mclass[39m=[32m"tableChart-caption"[39m
    [36m>[39m
      [0mTiedot 2022Q1-2022Q4 muuttujina Tiedot, Alue, Huoneluku, Rahoitusmuoto[0m
    [36m</caption>[39m
    [36m<thead>[39m
      [36m<tr>[39m
        [36m<td[39m
          [33mcolspan[39m=[32m"3"[39m
          [33mrowspan[39m=[32m"2"[39m
        [36m/>[39m
        [36m<th[39m
          [33mcolspan[39m=[32m"2"[39m
          [33mscope[39m=[32m"col"[39m
        [36m>[39m
          [0mYksiöt[0m
        [36m</th>[39m
        [36m<th[39m
          [33mcolspan[39m=[32m"2"[39m
          [33mscope[39m=[32m"col"[39m
        [36m>[39m
          [0mKaksiot[0m
        [36m</th>[39m
      [36m</tr>[39m
      [36m<tr>[39m
        [36m<th[39m
          [33mcolspan[39m=[32m"1"[39m
          [33mscope[39m=[32m"col"[39m
        [36m>[39m
          [0mLukumäärä[0m
        [36m</th>[39m
        [36m<th[39m
          [33mcolspan[39m=[32m"1"[39m
          [33mscope[39m=[32m"col"[39m
        [36m>[39m
          [0mNeliövuokra (eur/m2)[0m
        [36m</th>[39m
        [36m<th[39m
          [33mcolspan[39m=[32m"1"[39m
          [33mscope[39m=[32m"col"[39m
        [36m>[39m
          [0mLukumäärä[0m
        [36m</th>[39m
        [36m<th[39m
          [33mcolspan[39m=[32m"1"[39m
          [33mscope[39m=[32m"col"[39m
        [36m>[39m
          [0mNeliövuokra (eur/m2)[0m
        [36m</th>[39m
      [36m</tr>[39m
    [36m</thead>[39m
    [36m<tbody>[39m
      [36m<tr>[39m
        [36m<th[39m
          [33mrowspan[39m=[32m"8"[39m
          [33mscope[39m=[32m"row"[39m
        [36m>[39m
          [0mHelsinki[0m
        [36m</th>[39m
        [36m<th[39m
          [33mrowspan[39m=[32m"2"[39m
          [33mscope[39m=[32m"row"[39m
        [36m>[39m
          [0m2022Q1[0m
        [36m</th>[39m
        [36m<th[39m
          [33mrowspan[39m=[32m"1"[39m
          [33mscope[39m=[32m"row"[39m
        [36m>[39m
          [0mVapaarahoitteinen[0m
        [36m</th>[39m
        [36m<td>[39m
          [0m13 021[0m
        [36m</td>[39m
        [36m<td>[39m
          [0m26,64[0m
        [36m</td>[39m
        [36m<td>[39m
          [0m10 080[0m
        [36m</td>[39m
        [36m<td>[39m
          [0m20,22[0m
        [36m</td>[39m
      [36m</tr>[39m
      [36m<tr>[39m
        [36m<th[39m
          [33mrowspan[39m=[32m"1"[39m
          [33mscope[39m=[32m"row"[39m
        [36m>[39m
          [0mARA[0m
        [36m</th>[39m
        [36m<td>[39m
          [0m3 810[0m
        [36m</td>[39m
        [36m<td>[39m
          [0m15,90[0m
        [36m</td>[39m
        [36m<td>[39m
          [0m6 176[0m
        [36m</td>[39m
        [36m<td>[39m
          [0m13,74[0m
        [36m</td>[39m
      [36m</tr>[39m
      [36m<tr>[39m
        [36m<th[39m
          [33mrowspan[39m=[32m"2"[39m
          [33mscope[39m=[32m"row"[39m
        [36m>[39m
          [0m2022Q2[0m
        [36m</th>[39m
        [36m<th[39m
          [33mrowspan[39m=[32m"1"[39m
          [33mscope[39m=[32m"row"[39m
        [36m>[39m
          [0mVapaarahoitteinen[0m
        [36m</th>[39m
        [36m<td>[39m
          [0m11 231[0m
        [36m</td>[39m
        [36m<td>[39m
          [0m26,82[0m
        [36m</td>[39m
        [36m<td>[39m
          [0m9 326[0m
        [36m</td>[39m
        [36m<td>[39m
          [0m20,45[0m
        [36m</td>[39m
      [36m</tr>[39m
      [36m<tr>[39m
        [36m<th[39m
          [33mrowspan[39m=[32m"1"[39m
          [33mscope[39m=[32m"row"[39m
        [36m>[39m
          [0mARA[0m
        [36m</th>[39m
        [36m<td>[39m
          [0m3 552[0m
        [36m</td>[39m
        [36m<td>[39m
          [0m15,97[0m
        [36m</td>[39m
        [36m<td>[39m
          [0m5 749[0m
        [36m</td>[39m
        [36m<td>[39m
          [0m13,78[0m
        [36m</td>[39m
      [36m</tr>[39m
      [36m<tr>[39m
        [36m<th[39m
          [33mrowspan[39m=[32m"2"[39m
          [33mscope[39m=[32m"row"[39m
        [36m>[39m
          [0m2022Q3[0m
        [36m</th>[39m
        [36m<th[39m
          [33mrowspan[39m=[32m"1"[39m
          [33mscope[39m=[32m"row"[39m
        [36m>[39m
          [0mVapaarahoitteinen[0m
        [36m</th>[39m
        [36m<td>[39m
          [0m10 269[0m
        [36m</td>[39m
        [36m<td>[39m
          [0m26,93[0m
        [36m</td>[39m
        [36m<td>[39m
          [0m8 907[0m
        [36m</td>[39m
        [36m<td>[39m
          [0m20,59[0m
        [36m</td>[39m
      [36m</tr>[39m
      [36m<tr>[39m
        [36m<th[39m
          [33mrowspan[39m=[32m"1"[39m
          [33mscope[39m=[32m"row"[39m
        [36m>[39m
          [0mARA[0m
        [36m</th>[39m
        [36m<td>[39m
          [0m3 249[0m
        [36m</td>[39m
        [36m<td>[39m
          [0m15,99[0m
        [36m</td>[39m
        [36m<td>[39m
          [0m5 280[0m
        [36m</td>[39m
        [36m<td>[39m
          [0m13,79[0m
        [36m</td>[39m
      [36m</tr>[39m
      [36m<tr>[39m
        [36m<th[39m
          [33mrowspan[39m=[32m"2"[39m
          [33mscope[39m=[32m"row"[39m
        [36m>[39m
          [0m2022Q4[0m
        [36m</th>[39m
        [36m<th[39m
          [33mrowspan[39m=[32m"1"[39m
          [33mscope[39m=[32m"row"[39m
        [36m>[39m
          [0mVapaarahoitteinen[0m
        [36m</th>[39m
        [36m<td>[39m
          [0m10 272[0m
        [36m</td>[39m
        [36m<td>[39m
          [0m26,93[0m
        [36m</td>[39m
        [36m<td>[39m
          [0m8 805[0m
        [36m</td>[39m
        [36m<td>[39m
          [0m20,66[0m
        [36m</td>[39m
      [36m</tr>[39m
      [36m<tr>[39m
        [36m<th[39m
          [33mrowspan[39m=[32m"1"[39m
          [33mscope[39m=[32m"row"[39m
        [36m>[39m
          [0mARA[0m
        [36m</th>[39m
        [36m<td>[39m
          [0m3 323[0m
        [36m</td>[39m
        [36m<td>[39m
          [0m16,08[0m
        [36m</td>[39m
        [36m<td>[39m
          [0m5 265[0m
        [36m</td>[39m
        [36m<td>[39m
          [0m13,80[0m
        [36m</td>[39m
      [36m</tr>[39m
      [36m<tr>[39m
        [36m<th[39m
          [33mrowspan[39m=[32m"8"[39m
          [33mscope[39m=[32m"row"[39m
        [36m>[39m
          [0mVantaa[0m
        [36m</th>[39m
        [36m<th[39m
          [33mrowspan[39m=[32m"2"[39m
          [33mscope[39m=[32m"row"[39m
        [36m>[39m
          [0m2022Q1[0m
        [36m</th>[39m
        [36m<th[39m
          [33mrowspan[39m=[32m"1"[39m
          [33mscope[39m=[32m"row"[39m
        [36m>[39m
          [0mVapaarahoitteinen[0m
        [36m</th>[39m
        [36m<td>[39m
          [0m3 043[0m
        [36m</td>[39m
        [36m<td>[39m
          [0m23,48[0m
        [36m</td>[39m
        [36m<td>[39m
          [0m5 261[0m
        [36m</td>[39m
        [36m<td>[39m
          [0m17,62[0m
        [36m</td>[39m
      [36m</tr>[39m
      [36m<tr>[39m
        [36m<th[39m
          [33mrowspan[39m=[32m"1"[39m
          [33mscope[39m=[32m"row"[39m
        [36m>[39m
          [0mARA[0m
        [36m</th>[39m
        [36m<td>[39m
          [0m941[0m
        [36m</td>[39m
        [36m<td>[39m
          [0m16,13[0m
        [36m</td>[39m
        [36m<td>[39m
          [0m2 083[0m
        [36m</td>[39m
        [36m<td>[39m
          [0m13,96[0m
        [36m</td>[39m
      [36m</tr>[39m
      [36m<tr>[39m
        [36m<th[39m
          [33mrowspan[39m=[32m"2"[39m
          [33mscope[39m=[32m"row"[39m
        [36m>[39m
          [0m2022Q2[0m
        [36m</th>[39m
        [36m<th[39m
          [33mrowspan[39m=[32m"1"[39m
          [33mscope[39m=[32m"row"[39m
        [36m>[39m
          [0mVapaarahoitteinen[0m
        [36m</th>[39m
        [36m<td>[39m
          [0m2 679[0m
        [36m</td>[39m
        [36m<td>[39m
          [0m23,64[0m
        [36m</td>[39m
        [36m<td>[39m
          [0m5 017[0m
        [36m</td>[39m
        [36m<td>[39m
          [0m17,79[0m
        [36m</td>[39m
      [36m</tr>[39m
      [36m<tr>[39m
        [36m<th[39m
          [33mrowspan[39m=[32m"1"[39m
          [33mscope[39m=[32m"row"[39m
        [36m>[39m
          [0mARA[0m
        [36m</th>[39m
        [36m<td>[39m
          [0m846[0m
        [36m</td>[39m
        [36m<td>[39m
          [0m16,05[0m
        [36m</td>[39m
        [36m<td>[39m
          [0m1 902[0m
        [36m</td>[39m
        [36m<td>[39m
          [0m13,91[0m
        [36m</td>[39m
      [36m</tr>[39m
      [36m<tr>[39m
        [36m<th[39m
          [33mrowspan[39m=[32m"2"[39m
          [33mscope[39m=[32m"row"[39m
        [36m>[39m
          [0m2022Q3[0m
        [36m</th>[39m
        [36m<th[39m
          [33mrowspan[39m=[32m"1"[39m
          [33mscope[39m=[32m"row"[39m
        [36m>[39m
          [0mVapaarahoitteinen[0m
        [36m</th>[39m
        [36m<td>[39m
          [0m2 533[0m
        [36m</td>[39m
        [36m<td>[39m
          [0m23,68[0m
        [36m</td>[39m
        [36m<td>[39m
          [0m4 925[0m
        [36m</td>[39m
        [36m<td>[39m
          [0m17,85[0m
        [36m</td>[39m
      [36m</tr>[39m
      [36m<tr>[39m
        [36m<th[39m
          [33mrowspan[39m=[32m"1"[39m
          [33mscope[39m=[32m"row"[39m
        [36m>[39m
          [0mARA[0m
        [36m</th>[39m
        [36m<td>[39m
          [0m763[0m
        [36m</td>[39m
        [36m<td>[39m
          [0m15,97[0m
        [36m</td>[39m
        [36m<td>[39m
          [0m1 778[0m
        [36m</td>[39m
        [36m<td>[39m
          [0m13,90[0m
        [36m</td>[39m
      [36m</tr>[39m
      [36m<tr>[39m
        [36m<th[39m
          [33mrowspan[39m=[32m"2"[39m
          [33mscope[39m=[32m"row"[39m
        [36m>[39m
          [0m2022Q4[0m
        [36m</th>[39m
        [36m<th[39m
          [33mrowspan[39m=[32m"1"[39m
          [33mscope[39m=[32m"row"[39m
        [36m>[39m
          [0mVapaarahoitteinen[0m
        [36m</th>[39m
        [36m<td>[39m
          [0m2 548[0m
        [36m</td>[39m
        [36m<td>[39m
          [0m23,77[0m
        [36m</td>[39m
        [36m<td>[39m
          [0m4 882[0m
        [36m</td>[39m
        [36m<td>[39m
          [0m17,99[0m
        [36m</td>[39m
      [36m</tr>[39m
      [36m<tr>[39m
        [36m<th[39m
          [33mrowspan[39m=[32m"1"[39m
          [33mscope[39m=[32m"row"[39m
        [36m>[39m
          [0mARA[0m
        [36m</th>[39m
        [36m<td>[39m
          [0m767[0m
        [36m</td>[39m
        [36m<td>[39m
          [0m15,98[0m
        [36m</td>[39m
        [36m<td>[39m
          [0m1 744[0m
        [36m</td>[39m
        [36m<td>[39m
          [0m13,97[0m
        [36m</td>[39m
      [36m</tr>[39m
      [36m<tr>[39m
        [36m<th[39m
          [33mrowspan[39m=[32m"8"[39m
          [33mscope[39m=[32m"row"[39m
        [36m>[39m
          [0mTurku[0m
        [36m</th>[39m
        [36m<th[39m
          [33mrowspan[39m=[32m"2"[39m
          [33mscope[39m=[32m"row"[39m
        [36m>[39m
          [0m2022Q1[0m
        [36m</th>[39m
        [36m<th[39m
          [33mrowspan[39m=[32m"1"[39m
          [33mscope[39m=[32m"row"[39m
        [36m>[39m
          [0mVapaarahoitteinen[0m
        [36m</th>[39m
        [36m<td>[39m
          [0m5 534[0m
        [36m</td>[39m
        [36m<td>[39m
          [0m18,16[0m
        [36m</td>[39m
        [36m<td>[39m
          [0m4 267[0m
        [36m</td>[39m
        [36m<td>[39m
          [0m14,07[0m
        [36m</td>[39m
      [36m</tr>[39m
      [36m<tr>[39m
        [36m<th[39m
          [33mrowspan[39m=[32m"1"[39m
          [33mscope[39m=[32m"row"[39m
        [36m>[39m
          [0mARA[0m
        [36m</th>[39m
        [36m<td>[39m
          [0m1 292[0m
        [36m</td>[39m
        [36m<td>[39m
          [0m13,91[0m
        [36m</td>[39m
        [36m<td>[39m
          [0m1 782[0m
        [36m</td>[39m
        [36m<td>[39m
          [0m11,81[0m
        [36m</td>[39m
      [36m</tr>[39m
      [36m<tr>[39m
        [36m<th[39m
          [33mrowspan[39m=[32m"2"[39m
          [33mscope[39m=[32m"row"[39m
        [36m>[39m
          [0m2022Q2[0m
        [36m</th>[39m
        [36m<th[39m
          [33mrowspan[39m=[32m"1"[39m
          [33mscope[39m=[32m"row"[39m
        [36m>[39m
          [0mVapaarahoitteinen[0m
        [36m</th>[39m
        [36m<td>[39m
          [0m4 437[0m
        [36m</td>[39m
        [36m<td>[39m
          [0m18,32[0m
        [36m</td>[39m
        [36m<td>[39m
          [0m3 666[0m
        [36m</td>[39m
        [36m<td>[39m
          [0m14,27[0m
        [36m</td>[39m
      [36m</tr>[39m
      [36m<tr>[39m
        [36m<th[39m
          [33mrowspan[39m=[32m"1"[39m
          [33mscope[39m=[32m"row"[39m
        [36m>[39m
          [0mARA[0m
        [36m</th>[39m
        [36m<td>[39m
          [0m1 149[0m
        [36m</td>[39m
        [36m<td>[39m
          [0m14,02[0m
        [36m</td>[39m
        [36m<td>[39m
          [0m1 642[0m
        [36m</td>[39m
        [36m<td>[39m
          [0m11,87[0m
        [36m</td>[39m
      [36m</tr>[39m
      [36m<tr>[39m
        [36m<th[39m
          [33mrowspan[39m=[32m"2"[39m
          [33mscope[39m=[32m"row"[39m
        [36m>[39m
          [0m2022Q3[0m
        [36m</th>[39m
        [36m<th[39m
          [33mrowspan[39m=[32m"1"[39m
          [33mscope[39m=[32m"row"[39m
        [36m>[39m
          [0mVapaarahoitteinen[0m
        [36m</th>[39m
        [36m<td>[39m
          [0m4 014[0m
        [36m</td>[39m
        [36m<td>[39m
          [0m18,44[0m
        [36m</td>[39m
        [36m<td>[39m
          [0m3 329[0m
        [36m</td>[39m
        [36m<td>[39m
          [0m14,37[0m
        [36m</td>[39m
      [36m</tr>[39m
      [36m<tr>[39m
        [36m<th[39m
          [33mrowspan[39m=[32m"1"[39m
          [33mscope[39m=[32m"row"[39m
        [36m>[39m
          [0mARA[0m
        [36m</th>[39m
        [36m<td>[39m
          [0m1 107[0m
        [36m</td>[39m
        [36m<td>[39m
          [0m14,06[0m
        [36m</td>[39m
        [36m<td>[39m
          [0m1 554[0m
        [36m</td>[39m
        [36m<td>[39m
          [0m11,86[0m
        [36m</td>[39m
      [36m</tr>[39m
      [36m<tr>[39m
        [36m<th[39m
          [33mrowspan[39m=[32m"2"[39m
          [33mscope[39m=[32m"row"[39m
        [36m>[39m
          [0m2022Q4[0m
        [36m</th>[39m
        [36m<th[39m
          [33mrowspan[39m=[32m"1"[39m
          [33mscope[39m=[32m"row"[39m
        [36m>[39m
          [0mVapaarahoitteinen[0m
        [36m</th>[39m
        [36m<td>[39m
          [0m4 195[0m
        [36m</td>[39m
        [36m<td>[39m
          [0m18,53[0m
        [36m</td>[39m
        [36m<td>[39m
          [0m3 414[0m
        [36m</td>[39m
        [36m<td>[39m
          [0m14,48[0m
        [36m</td>[39m
      [36m</tr>[39m
      [36m<tr>[39m
        [36m<th[39m
          [33mrowspan[39m=[32m"1"[39m
          [33mscope[39m=[32m"row"[39m
        [36m>[39m
          [0mARA[0m
        [36m</th>[39m
        [36m<td>[39m
          [0m1 161[0m
        [36m</td>[39m
        [36m<td>[39m
          [0m14,11[0m
        [36m</td>[39m
        [36m<td>[39m
          [0m1 557[0m
        [36m</td>[39m
        [36m<td>[39m
          [0m11,96[0m
        [36m</td>[39m
      [36m</tr>[39m
    [36m</tbody>[39m
  [36m</table>[39m
  [36m<p>[39m
    [0mTest footnote[0m
  [36m</p>[39m
[36m</div>[39m"
`;

exports[`Html table render tests should match snapshot: Table with row and column variables and title disabled 1`] = `
"[36m<div[39m
  [33mid[39m=[32m"test-4329874982374983798"[39m
[36m>[39m
  [36m<table[39m
    [33mtabindex[39m=[32m"0"[39m
  [36m>[39m
    [36m<thead>[39m
      [36m<tr>[39m
        [36m<td[39m
          [33mcolspan[39m=[32m"3"[39m
          [33mrowspan[39m=[32m"2"[39m
        [36m/>[39m
        [36m<th[39m
          [33mcolspan[39m=[32m"2"[39m
          [33mscope[39m=[32m"col"[39m
        [36m>[39m
          [0mYksiöt[0m
        [36m</th>[39m
        [36m<th[39m
          [33mcolspan[39m=[32m"2"[39m
          [33mscope[39m=[32m"col"[39m
        [36m>[39m
          [0mKaksiot[0m
        [36m</th>[39m
      [36m</tr>[39m
      [36m<tr>[39m
        [36m<th[39m
          [33mcolspan[39m=[32m"1"[39m
          [33mscope[39m=[32m"col"[39m
        [36m>[39m
          [0mLukumäärä[0m
        [36m</th>[39m
        [36m<th[39m
          [33mcolspan[39m=[32m"1"[39m
          [33mscope[39m=[32m"col"[39m
        [36m>[39m
          [0mNeliövuokra (eur/m2)[0m
        [36m</th>[39m
        [36m<th[39m
          [33mcolspan[39m=[32m"1"[39m
          [33mscope[39m=[32m"col"[39m
        [36m>[39m
          [0mLukumäärä[0m
        [36m</th>[39m
        [36m<th[39m
          [33mcolspan[39m=[32m"1"[39m
          [33mscope[39m=[32m"col"[39m
        [36m>[39m
          [0mNeliövuokra (eur/m2)[0m
        [36m</th>[39m
      [36m</tr>[39m
    [36m</thead>[39m
    [36m<tbody>[39m
      [36m<tr>[39m
        [36m<th[39m
          [33mrowspan[39m=[32m"8"[39m
          [33mscope[39m=[32m"row"[39m
        [36m>[39m
          [0mHelsinki[0m
        [36m</th>[39m
        [36m<th[39m
          [33mrowspan[39m=[32m"2"[39m
          [33mscope[39m=[32m"row"[39m
        [36m>[39m
          [0m2022Q1[0m
        [36m</th>[39m
        [36m<th[39m
          [33mrowspan[39m=[32m"1"[39m
          [33mscope[39m=[32m"row"[39m
        [36m>[39m
          [0mVapaarahoitteinen[0m
        [36m</th>[39m
        [36m<td>[39m
          [0m13 021[0m
        [36m</td>[39m
        [36m<td>[39m
          [0m26,64[0m
        [36m</td>[39m
        [36m<td>[39m
          [0m10 080[0m
        [36m</td>[39m
        [36m<td>[39m
          [0m20,22[0m
        [36m</td>[39m
      [36m</tr>[39m
      [36m<tr>[39m
        [36m<th[39m
          [33mrowspan[39m=[32m"1"[39m
          [33mscope[39m=[32m"row"[39m
        [36m>[39m
          [0mARA[0m
        [36m</th>[39m
        [36m<td>[39m
          [0m3 810[0m
        [36m</td>[39m
        [36m<td>[39m
          [0m15,90[0m
        [36m</td>[39m
        [36m<td>[39m
          [0m6 176[0m
        [36m</td>[39m
        [36m<td>[39m
          [0m13,74[0m
        [36m</td>[39m
      [36m</tr>[39m
      [36m<tr>[39m
        [36m<th[39m
          [33mrowspan[39m=[32m"2"[39m
          [33mscope[39m=[32m"row"[39m
        [36m>[39m
          [0m2022Q2[0m
        [36m</th>[39m
        [36m<th[39m
          [33mrowspan[39m=[32m"1"[39m
          [33mscope[39m=[32m"row"[39m
        [36m>[39m
          [0mVapaarahoitteinen[0m
        [36m</th>[39m
        [36m<td>[39m
          [0m11 231[0m
        [36m</td>[39m
        [36m<td>[39m
          [0m26,82[0m
        [36m</td>[39m
        [36m<td>[39m
          [0m9 326[0m
        [36m</td>[39m
        [36m<td>[39m
          [0m20,45[0m
        [36m</td>[39m
      [36m</tr>[39m
      [36m<tr>[39m
        [36m<th[39m
          [33mrowspan[39m=[32m"1"[39m
          [33mscope[39m=[32m"row"[39m
        [36m>[39m
          [0mARA[0m
        [36m</th>[39m
        [36m<td>[39m
          [0m3 552[0m
        [36m</td>[39m
        [36m<td>[39m
          [0m15,97[0m
        [36m</td>[39m
        [36m<td>[39m
          [0m5 749[0m
        [36m</td>[39m
        [36m<td>[39m
          [0m13,78[0m
        [36m</td>[39m
      [36m</tr>[39m
      [36m<tr>[39m
        [36m<th[39m
          [33mrowspan[39m=[32m"2"[39m
          [33mscope[39m=[32m"row"[39m
        [36m>[39m
          [0m2022Q3[0m
        [36m</th>[39m
        [36m<th[39m
          [33mrowspan[39m=[32m"1"[39m
          [33mscope[39m=[32m"row"[39m
        [36m>[39m
          [0mVapaarahoitteinen[0m
        [36m</th>[39m
        [36m<td>[39m
          [0m10 269[0m
        [36m</td>[39m
        [36m<td>[39m
          [0m26,93[0m
        [36m</td>[39m
        [36m<td>[39m
          [0m8 907[0m
        [36m</td>[39m
        [36m<td>[39m
          [0m20,59[0m
        [36m</td>[39m
      [36m</tr>[39m
      [36m<tr>[39m
        [36m<th[39m
          [33mrowspan[39m=[32m"1"[39m
          [33mscope[39m=[32m"row"[39m
        [36m>[39m
          [0mARA[0m
        [36m</th>[39m
        [36m<td>[39m
          [0m3 249[0m
        [36m</td>[39m
        [36m<td>[39m
          [0m15,99[0m
        [36m</td>[39m
        [36m<td>[39m
          [0m5 280[0m
        [36m</td>[39m
        [36m<td>[39m
          [0m13,79[0m
        [36m</td>[39m
      [36m</tr>[39m
      [36m<tr>[39m
        [36m<th[39m
          [33mrowspan[39m=[32m"2"[39m
          [33mscope[39m=[32m"row"[39m
        [36m>[39m
          [0m2022Q4[0m
        [36m</th>[39m
        [36m<th[39m
          [33mrowspan[39m=[32m"1"[39m
          [33mscope[39m=[32m"row"[39m
        [36m>[39m
          [0mVapaarahoitteinen[0m
        [36m</th>[39m
        [36m<td>[39m
          [0m10 272[0m
        [36m</td>[39m
        [36m<td>[39m
          [0m26,93[0m
        [36m</td>[39m
        [36m<td>[39m
          [0m8 805[0m
        [36m</td>[39m
        [36m<td>[39m
          [0m20,66[0m
        [36m</td>[39m
      [36m</tr>[39m
      [36m<tr>[39m
        [36m<th[39m
          [33mrowspan[39m=[32m"1"[39m
          [33mscope[39m=[32m"row"[39m
        [36m>[39m
          [0mARA[0m
        [36m</th>[39m
        [36m<td>[39m
          [0m3 323[0m
        [36m</td>[39m
        [36m<td>[39m
          [0m16,08[0m
        [36m</td>[39m
        [36m<td>[39m
          [0m5 265[0m
        [36m</td>[39m
        [36m<td>[39m
          [0m13,80[0m
        [36m</td>[39m
      [36m</tr>[39m
      [36m<tr>[39m
        [36m<th[39m
          [33mrowspan[39m=[32m"8"[39m
          [33mscope[39m=[32m"row"[39m
        [36m>[39m
          [0mVantaa[0m
        [36m</th>[39m
        [36m<th[39m
          [33mrowspan[39m=[32m"2"[39m
          [33mscope[39m=[32m"row"[39m
        [36m>[39m
          [0m2022Q1[0m
        [36m</th>[39m
        [36m<th[39m
          [33mrowspan[39m=[32m"1"[39m
          [33mscope[39m=[32m"row"[39m
        [36m>[39m
          [0mVapaarahoitteinen[0m
        [36m</th>[39m
        [36m<td>[39m
          [0m3 043[0m
        [36m</td>[39m
        [36m<td>[39m
          [0m23,48[0m
        [36m</td>[39m
        [36m<td>[39m
          [0m5 261[0m
        [36m</td>[39m
        [36m<td>[39m
          [0m17,62[0m
        [36m</td>[39m
      [36m</tr>[39m
      [36m<tr>[39m
        [36m<th[39m
          [33mrowspan[39m=[32m"1"[39m
          [33mscope[39m=[32m"row"[39m
        [36m>[39m
          [0mARA[0m
        [36m</th>[39m
        [36m<td>[39m
          [0m941[0m
        [36m</td>[39m
        [36m<td>[39m
          [0m16,13[0m
        [36m</td>[39m
        [36m<td>[39m
          [0m2 083[0m
        [36m</td>[39m
        [36m<td>[39m
          [0m13,96[0m
        [36m</td>[39m
      [36m</tr>[39m
      [36m<tr>[39m
        [36m<th[39m
          [33mrowspan[39m=[32m"2"[39m
          [33mscope[39m=[32m"row"[39m
        [36m>[39m
          [0m2022Q2[0m
        [36m</th>[39m
        [36m<th[39m
          [33mrowspan[39m=[32m"1"[39m
          [33mscope[39m=[32m"row"[39m
        [36m>[39m
          [0mVapaarahoitteinen[0m
        [36m</th>[39m
        [36m<td>[39m
          [0m2 679[0m
        [36m</td>[39m
        [36m<td>[39m
          [0m23,64[0m
        [36m</td>[39m
        [36m<td>[39m
          [0m5 017[0m
        [36m</td>[39m
        [36m<td>[39m
          [0m17,79[0m
        [36m</td>[39m
      [36m</tr>[39m
      [36m<tr>[39m
        [36m<th[39m
          [33mrowspan[39m=[32m"1"[39m
          [33mscope[39m=[32m"row"[39m
        [36m>[39m
          [0mARA[0m
        [36m</th>[39m
        [36m<td>[39m
          [0m846[0m
        [36m</td>[39m
        [36m<td>[39m
          [0m16,05[0m
        [36m</td>[39m
        [36m<td>[39m
          [0m1 902[0m
        [36m</td>[39m
        [36m<td>[39m
          [0m13,91[0m
        [36m</td>[39m
      [36m</tr>[39m
      [36m<tr>[39m
        [36m<th[39m
          [33mrowspan[39m=[32m"2"[39m
          [33mscope[39m=[32m"row"[39m
        [36m>[39m
          [0m2022Q3[0m
        [36m</th>[39m
        [36m<th[39m
          [33mrowspan[39m=[32m"1"[39m
          [33mscope[39m=[32m"row"[39m
        [36m>[39m
          [0mVapaarahoitteinen[0m
        [36m</th>[39m
        [36m<td>[39m
          [0m2 533[0m
        [36m</td>[39m
        [36m<td>[39m
          [0m23,68[0m
        [36m</td>[39m
        [36m<td>[39m
          [0m4 925[0m
        [36m</td>[39m
        [36m<td>[39m
          [0m17,85[0m
        [36m</td>[39m
      [36m</tr>[39m
      [36m<tr>[39m
        [36m<th[39m
          [33mrowspan[39m=[32m"1"[39m
          [33mscope[39m=[32m"row"[39m
        [36m>[39m
          [0mARA[0m
        [36m</th>[39m
        [36m<td>[39m
          [0m763[0m
        [36m</td>[39m
        [36m<td>[39m
          [0m15,97[0m
        [36m</td>[39m
        [36m<td>[39m
          [0m1 778[0m
        [36m</td>[39m
        [36m<td>[39m
          [0m13,90[0m
        [36m</td>[39m
      [36m</tr>[39m
      [36m<tr>[39m
        [36m<th[39m
          [33mrowspan[39m=[32m"2"[39m
          [33mscope[39m=[32m"row"[39m
        [36m>[39m
          [0m2022Q4[0m
        [36m</th>[39m
        [36m<th[39m
          [33mrowspan[39m=[32m"1"[39m
          [33mscope[39m=[32m"row"[39m
        [36m>[39m
          [0mVapaarahoitteinen[0m
        [36m</th>[39m
        [36m<td>[39m
          [0m2 548[0m
        [36m</td>[39m
        [36m<td>[39m
          [0m23,77[0m
        [36m</td>[39m
        [36m<td>[39m
          [0m4 882[0m
        [36m</td>[39m
        [36m<td>[39m
          [0m17,99[0m
        [36m</td>[39m
      [36m</tr>[39m
      [36m<tr>[39m
        [36m<th[39m
          [33mrowspan[39m=[32m"1"[39m
          [33mscope[39m=[32m"row"[39m
        [36m>[39m
          [0mARA[0m
        [36m</th>[39m
        [36m<td>[39m
          [0m767[0m
        [36m</td>[39m
        [36m<td>[39m
          [0m15,98[0m
        [36m</td>[39m
        [36m<td>[39m
          [0m1 744[0m
        [36m</td>[39m
        [36m<td>[39m
          [0m13,97[0m
        [36m</td>[39m
      [36m</tr>[39m
      [36m<tr>[39m
        [36m<th[39m
          [33mrowspan[39m=[32m"8"[39m
          [33mscope[39m=[32m"row"[39m
        [36m>[39m
          [0mTurku[0m
        [36m</th>[39m
        [36m<th[39m
          [33mrowspan[39m=[32m"2"[39m
          [33mscope[39m=[32m"row"[39m
        [36m>[39m
          [0m2022Q1[0m
        [36m</th>[39m
        [36m<th[39m
          [33mrowspan[39m=[32m"1"[39m
          [33mscope[39m=[32m"row"[39m
        [36m>[39m
          [0mVapaarahoitteinen[0m
        [36m</th>[39m
        [36m<td>[39m
          [0m5 534[0m
        [36m</td>[39m
        [36m<td>[39m
          [0m18,16[0m
        [36m</td>[39m
        [36m<td>[39m
          [0m4 267[0m
        [36m</td>[39m
        [36m<td>[39m
          [0m14,07[0m
        [36m</td>[39m
      [36m</tr>[39m
      [36m<tr>[39m
        [36m<th[39m
          [33mrowspan[39m=[32m"1"[39m
          [33mscope[39m=[32m"row"[39m
        [36m>[39m
          [0mARA[0m
        [36m</th>[39m
        [36m<td>[39m
          [0m1 292[0m
        [36m</td>[39m
        [36m<td>[39m
          [0m13,91[0m
        [36m</td>[39m
        [36m<td>[39m
          [0m1 782[0m
        [36m</td>[39m
        [36m<td>[39m
          [0m11,81[0m
        [36m</td>[39m
      [36m</tr>[39m
      [36m<tr>[39m
        [36m<th[39m
          [33mrowspan[39m=[32m"2"[39m
          [33mscope[39m=[32m"row"[39m
        [36m>[39m
          [0m2022Q2[0m
        [36m</th>[39m
        [36m<th[39m
          [33mrowspan[39m=[32m"1"[39m
          [33mscope[39m=[32m"row"[39m
        [36m>[39m
          [0mVapaarahoitteinen[0m
        [36m</th>[39m
        [36m<td>[39m
          [0m4 437[0m
        [36m</td>[39m
        [36m<td>[39m
          [0m18,32[0m
        [36m</td>[39m
        [36m<td>[39m
          [0m3 666[0m
        [36m</td>[39m
        [36m<td>[39m
          [0m14,27[0m
        [36m</td>[39m
      [36m</tr>[39m
      [36m<tr>[39m
        [36m<th[39m
          [33mrowspan[39m=[32m"1"[39m
          [33mscope[39m=[32m"row"[39m
        [36m>[39m
          [0mARA[0m
        [36m</th>[39m
        [36m<td>[39m
          [0m1 149[0m
        [36m</td>[39m
        [36m<td>[39m
          [0m14,02[0m
        [36m</td>[39m
        [36m<td>[39m
          [0m1 642[0m
        [36m</td>[39m
        [36m<td>[39m
          [0m11,87[0m
        [36m</td>[39m
      [36m</tr>[39m
      [36m<tr>[39m
        [36m<th[39m
          [33mrowspan[39m=[32m"2"[39m
          [33mscope[39m=[32m"row"[39m
        [36m>[39m
          [0m2022Q3[0m
        [36m</th>[39m
        [36m<th[39m
          [33mrowspan[39m=[32m"1"[39m
          [33mscope[39m=[32m"row"[39m
        [36m>[39m
          [0mVapaarahoitteinen[0m
        [36m</th>[39m
        [36m<td>[39m
          [0m4 014[0m
        [36m</td>[39m
        [36m<td>[39m
          [0m18,44[0m
        [36m</td>[39m
        [36m<td>[39m
          [0m3 329[0m
        [36m</td>[39m
        [36m<td>[39m
          [0m14,37[0m
        [36m</td>[39m
      [36m</tr>[39m
      [36m<tr>[39m
        [36m<th[39m
          [33mrowspan[39m=[32m"1"[39m
          [33mscope[39m=[32m"row"[39m
        [36m>[39m
          [0mARA[0m
        [36m</th>[39m
        [36m<td>[39m
          [0m1 107[0m
        [36m</td>[39m
        [36m<td>[39m
          [0m14,06[0m
        [36m</td>[39m
        [36m<td>[39m
          [0m1 554[0m
        [36m</td>[39m
        [36m<td>[39m
          [0m11,86[0m
        [36m</td>[39m
      [36m</tr>[39m
      [36m<tr>[39m
        [36m<th[39m
          [33mrowspan[39m=[32m"2"[39m
          [33mscope[39m=[32m"row"[39m
        [36m>[39m
          [0m2022Q4[0m
        [36m</th>[39m
        [36m<th[39m
          [33mrowspan[39m=[32m"1"[39m
          [33mscope[39m=[32m"row"[39m
        [36m>[39m
          [0mVapaarahoitteinen[0m
        [36m</th>[39m
        [36m<td>[39m
          [0m4 195[0m
        [36m</td>[39m
        [36m<td>[39m
          [0m18,53[0m
        [36m</td>[39m
        [36m<td>[39m
          [0m3 414[0m
        [36m</td>[39m
        [36m<td>[39m
          [0m14,48[0m
        [36m</td>[39m
      [36m</tr>[39m
      [36m<tr>[39m
        [36m<th[39m
          [33mrowspan[39m=[32m"1"[39m
          [33mscope[39m=[32m"row"[39m
        [36m>[39m
          [0mARA[0m
        [36m</th>[39m
        [36m<td>[39m
          [0m1 161[0m
        [36m</td>[39m
        [36m<td>[39m
          [0m14,11[0m
        [36m</td>[39m
        [36m<td>[39m
          [0m1 557[0m
        [36m</td>[39m
        [36m<td>[39m
          [0m11,96[0m
        [36m</td>[39m
      [36m</tr>[39m
    [36m</tbody>[39m
  [36m</table>[39m
  [36m<p>[39m
    [0mYksikkö: Lukumäärä: lukumäärä, Neliövuokra (eur/m2): eur / m2[0m
  [36m</p>[39m
  [36m<p>[39m
    [0mLähde: PxVisualizer-fi[0m
  [36m</p>[39m
[36m</div>[39m"
`;

exports[`Html table render tests should match snapshot: Table with row and column variables and units and sources disabled 1`] = `
"[36m<div[39m
  [33mid[39m=[32m"test-4329874982374983798"[39m
[36m>[39m
  [36m<table[39m
    [33mtabindex[39m=[32m"0"[39m
  [36m>[39m
    [36m<caption[39m
      [33mclass[39m=[32m"tableChart-caption"[39m
    [36m>[39m
      [0mTiedot 2022Q1-2022Q4 muuttujina Tiedot, Alue, Huoneluku, Rahoitusmuoto[0m
    [36m</caption>[39m
    [36m<thead>[39m
      [36m<tr>[39m
        [36m<td[39m
          [33mcolspan[39m=[32m"3"[39m
          [33mrowspan[39m=[32m"2"[39m
        [36m/>[39m
        [36m<th[39m
          [33mcolspan[39m=[32m"2"[39m
          [33mscope[39m=[32m"col"[39m
        [36m>[39m
          [0mYksiöt[0m
        [36m</th>[39m
        [36m<th[39m
          [33mcolspan[39m=[32m"2"[39m
          [33mscope[39m=[32m"col"[39m
        [36m>[39m
          [0mKaksiot[0m
        [36m</th>[39m
      [36m</tr>[39m
      [36m<tr>[39m
        [36m<th[39m
          [33mcolspan[39m=[32m"1"[39m
          [33mscope[39m=[32m"col"[39m
        [36m>[39m
          [0mLukumäärä[0m
        [36m</th>[39m
        [36m<th[39m
          [33mcolspan[39m=[32m"1"[39m
          [33mscope[39m=[32m"col"[39m
        [36m>[39m
          [0mNeliövuokra (eur/m2)[0m
        [36m</th>[39m
        [36m<th[39m
          [33mcolspan[39m=[32m"1"[39m
          [33mscope[39m=[32m"col"[39m
        [36m>[39m
          [0mLukumäärä[0m
        [36m</th>[39m
        [36m<th[39m
          [33mcolspan[39m=[32m"1"[39m
          [33mscope[39m=[32m"col"[39m
        [36m>[39m
          [0mNeliövuokra (eur/m2)[0m
        [36m</th>[39m
      [36m</tr>[39m
    [36m</thead>[39m
    [36m<tbody>[39m
      [36m<tr>[39m
        [36m<th[39m
          [33mrowspan[39m=[32m"8"[39m
          [33mscope[39m=[32m"row"[39m
        [36m>[39m
          [0mHelsinki[0m
        [36m</th>[39m
        [36m<th[39m
          [33mrowspan[39m=[32m"2"[39m
          [33mscope[39m=[32m"row"[39m
        [36m>[39m
          [0m2022Q1[0m
        [36m</th>[39m
        [36m<th[39m
          [33mrowspan[39m=[32m"1"[39m
          [33mscope[39m=[32m"row"[39m
        [36m>[39m
          [0mVapaarahoitteinen[0m
        [36m</th>[39m
        [36m<td>[39m
          [0m13 021[0m
        [36m</td>[39m
        [36m<td>[39m
          [0m26,64[0m
        [36m</td>[39m
        [36m<td>[39m
          [0m10 080[0m
        [36m</td>[39m
        [36m<td>[39m
          [0m20,22[0m
        [36m</td>[39m
      [36m</tr>[39m
      [36m<tr>[39m
        [36m<th[39m
          [33mrowspan[39m=[32m"1"[39m
          [33mscope[39m=[32m"row"[39m
        [36m>[39m
          [0mARA[0m
        [36m</th>[39m
        [36m<td>[39m
          [0m3 810[0m
        [36m</td>[39m
        [36m<td>[39m
          [0m15,90[0m
        [36m</td>[39m
        [36m<td>[39m
          [0m6 176[0m
        [36m</td>[39m
        [36m<td>[39m
          [0m13,74[0m
        [36m</td>[39m
      [36m</tr>[39m
      [36m<tr>[39m
        [36m<th[39m
          [33mrowspan[39m=[32m"2"[39m
          [33mscope[39m=[32m"row"[39m
        [36m>[39m
          [0m2022Q2[0m
        [36m</th>[39m
        [36m<th[39m
          [33mrowspan[39m=[32m"1"[39m
          [33mscope[39m=[32m"row"[39m
        [36m>[39m
          [0mVapaarahoitteinen[0m
        [36m</th>[39m
        [36m<td>[39m
          [0m11 231[0m
        [36m</td>[39m
        [36m<td>[39m
          [0m26,82[0m
        [36m</td>[39m
        [36m<td>[39m
          [0m9 326[0m
        [36m</td>[39m
        [36m<td>[39m
          [0m20,45[0m
        [36m</td>[39m
      [36m</tr>[39m
      [36m<tr>[39m
        [36m<th[39m
          [33mrowspan[39m=[32m"1"[39m
          [33mscope[39m=[32m"row"[39m
        [36m>[39m
          [0mARA[0m
        [36m</th>[39m
        [36m<td>[39m
          [0m3 552[0m
        [36m</td>[39m
        [36m<td>[39m
          [0m15,97[0m
        [36m</td>[39m
        [36m<td>[39m
          [0m5 749[0m
        [36m</td>[39m
        [36m<td>[39m
          [0m13,78[0m
        [36m</td>[39m
      [36m</tr>[39m
      [36m<tr>[39m
        [36m<th[39m
          [33mrowspan[39m=[32m"2"[39m
          [33mscope[39m=[32m"row"[39m
        [36m>[39m
          [0m2022Q3[0m
        [36m</th>[39m
        [36m<th[39m
          [33mrowspan[39m=[32m"1"[39m
          [33mscope[39m=[32m"row"[39m
        [36m>[39m
          [0mVapaarahoitteinen[0m
        [36m</th>[39m
        [36m<td>[39m
          [0m10 269[0m
        [36m</td>[39m
        [36m<td>[39m
          [0m26,93[0m
        [36m</td>[39m
        [36m<td>[39m
          [0m8 907[0m
        [36m</td>[39m
        [36m<td>[39m
          [0m20,59[0m
        [36m</td>[39m
      [36m</tr>[39m
      [36m<tr>[39m
        [36m<th[39m
          [33mrowspan[39m=[32m"1"[39m
          [33mscope[39m=[32m"row"[39m
        [36m>[39m
          [0mARA[0m
        [36m</th>[39m
        [36m<td>[39m
          [0m3 249[0m
        [36m</td>[39m
        [36m<td>[39m
          [0m15,99[0m
        [36m</td>[39m
        [36m<td>[39m
          [0m5 280[0m
        [36m</td>[39m
        [36m<td>[39m
          [0m13,79[0m
        [36m</td>[39m
      [36m</tr>[39m
      [36m<tr>[39m
        [36m<th[39m
          [33mrowspan[39m=[32m"2"[39m
          [33mscope[39m=[32m"row"[39m
        [36m>[39m
          [0m2022Q4[0m
        [36m</th>[39m
        [36m<th[39m
          [33mrowspan[39m=[32m"1"[39m
          [33mscope[39m=[32m"row"[39m
        [36m>[39m
          [0mVapaarahoitteinen[0m
        [36m</th>[39m
        [36m<td>[39m
          [0m10 272[0m
        [36m</td>[39m
        [36m<td>[39m
          [0m26,93[0m
        [36m</td>[39m
        [36m<td>[39m
          [0m8 805[0m
        [36m</td>[39m
        [36m<td>[39m
          [0m20,66[0m
        [36m</td>[39m
      [36m</tr>[39m
      [36m<tr>[39m
        [36m<th[39m
          [33mrowspan[39m=[32m"1"[39m
          [33mscope[39m=[32m"row"[39m
        [36m>[39m
          [0mARA[0m
        [36m</th>[39m
        [36m<td>[39m
          [0m3 323[0m
        [36m</td>[39m
        [36m<td>[39m
          [0m16,08[0m
        [36m</td>[39m
        [36m<td>[39m
          [0m5 265[0m
        [36m</td>[39m
        [36m<td>[39m
          [0m13,80[0m
        [36m</td>[39m
      [36m</tr>[39m
      [36m<tr>[39m
        [36m<th[39m
          [33mrowspan[39m=[32m"8"[39m
          [33mscope[39m=[32m"row"[39m
        [36m>[39m
          [0mVantaa[0m
        [36m</th>[39m
        [36m<th[39m
          [33mrowspan[39m=[32m"2"[39m
          [33mscope[39m=[32m"row"[39m
        [36m>[39m
          [0m2022Q1[0m
        [36m</th>[39m
        [36m<th[39m
          [33mrowspan[39m=[32m"1"[39m
          [33mscope[39m=[32m"row"[39m
        [36m>[39m
          [0mVapaarahoitteinen[0m
        [36m</th>[39m
        [36m<td>[39m
          [0m3 043[0m
        [36m</td>[39m
        [36m<td>[39m
          [0m23,48[0m
        [36m</td>[39m
        [36m<td>[39m
          [0m5 261[0m
        [36m</td>[39m
        [36m<td>[39m
          [0m17,62[0m
        [36m</td>[39m
      [36m</tr>[39m
      [36m<tr>[39m
        [36m<th[39m
          [33mrowspan[39m=[32m"1"[39m
          [33mscope[39m=[32m"row"[39m
        [36m>[39m
          [0mARA[0m
        [36m</th>[39m
        [36m<td>[39m
          [0m941[0m
        [36m</td>[39m
        [36m<td>[39m
          [0m16,13[0m
        [36m</td>[39m
        [36m<td>[39m
          [0m2 083[0m
        [36m</td>[39m
        [36m<td>[39m
          [0m13,96[0m
        [36m</td>[39m
      [36m</tr>[39m
      [36m<tr>[39m
        [36m<th[39m
          [33mrowspan[39m=[32m"2"[39m
          [33mscope[39m=[32m"row"[39m
        [36m>[39m
          [0m2022Q2[0m
        [36m</th>[39m
        [36m<th[39m
          [33mrowspan[39m=[32m"1"[39m
          [33mscope[39m=[32m"row"[39m
        [36m>[39m
          [0mVapaarahoitteinen[0m
        [36m</th>[39m
        [36m<td>[39m
          [0m2 679[0m
        [36m</td>[39m
        [36m<td>[39m
          [0m23,64[0m
        [36m</td>[39m
        [36m<td>[39m
          [0m5 017[0m
        [36m</td>[39m
        [36m<td>[39m
          [0m17,79[0m
        [36m</td>[39m
      [36m</tr>[39m
      [36m<tr>[39m
        [36m<th[39m
          [33mrowspan[39m=[32m"1"[39m
          [33mscope[39m=[32m"row"[39m
        [36m>[39m
          [0mARA[0m
        [36m</th>[39m
        [36m<td>[39m
          [0m846[0m
        [36m</td>[39m
        [36m<td>[39m
          [0m16,05[0m
        [36m</td>[39m
        [36m<td>[39m
          [0m1 902[0m
        [36m</td>[39m
        [36m<td>[39m
          [0m13,91[0m
        [36m</td>[39m
      [36m</tr>[39m
      [36m<tr>[39m
        [36m<th[39m
          [33mrowspan[39m=[32m"2"[39m
          [33mscope[39m=[32m"row"[39m
        [36m>[39m
          [0m2022Q3[0m
        [36m</th>[39m
        [36m<th[39m
          [33mrowspan[39m=[32m"1"[39m
          [33mscope[39m=[32m"row"[39m
        [36m>[39m
          [0mVapaarahoitteinen[0m
        [36m</th>[39m
        [36m<td>[39m
          [0m2 533[0m
        [36m</td>[39m
        [36m<td>[39m
          [0m23,68[0m
        [36m</td>[39m
        [36m<td>[39m
          [0m4 925[0m
        [36m</td>[39m
        [36m<td>[39m
          [0m17,85[0m
        [36m</td>[39m
      [36m</tr>[39m
      [36m<tr>[39m
        [36m<th[39m
          [33mrowspan[39m=[32m"1"[39m
          [33mscope[39m=[32m"row"[39m
        [36m>[39m
          [0mARA[0m
        [36m</th>[39m
        [36m<td>[39m
          [0m763[0m
        [36m</td>[39m
        [36m<td>[39m
          [0m15,97[0m
        [36m</td>[39m
        [36m<td>[39m
          [0m1 778[0m
        [36m</td>[39m
        [36m<td>[39m
          [0m13,90[0m
        [36m</td>[39m
      [36m</tr>[39m
      [36m<tr>[39m
        [36m<th[39m
          [33mrowspan[39m=[32m"2"[39m
          [33mscope[39m=[32m"row"[39m
        [36m>[39m
          [0m2022Q4[0m
        [36m</th>[39m
        [36m<th[39m
          [33mrowspan[39m=[32m"1"[39m
          [33mscope[39m=[32m"row"[39m
        [36m>[39m
          [0mVapaarahoitteinen[0m
        [36m</th>[39m
        [36m<td>[39m
          [0m2 548[0m
        [36m</td>[39m
        [36m<td>[39m
          [0m23,77[0m
        [36m</td>[39m
        [36m<td>[39m
          [0m4 882[0m
        [36m</td>[39m
        [36m<td>[39m
          [0m17,99[0m
        [36m</td>[39m
      [36m</tr>[39m
      [36m<tr>[39m
        [36m<th[39m
          [33mrowspan[39m=[32m"1"[39m
          [33mscope[39m=[32m"row"[39m
        [36m>[39m
          [0mARA[0m
        [36m</th>[39m
        [36m<td>[39m
          [0m767[0m
        [36m</td>[39m
        [36m<td>[39m
          [0m15,98[0m
        [36m</td>[39m
        [36m<td>[39m
          [0m1 744[0m
        [36m</td>[39m
        [36m<td>[39m
          [0m13,97[0m
        [36m</td>[39m
      [36m</tr>[39m
      [36m<tr>[39m
        [36m<th[39m
          [33mrowspan[39m=[32m"8"[39m
          [33mscope[39m=[32m"row"[39m
        [36m>[39m
          [0mTurku[0m
        [36m</th>[39m
        [36m<th[39m
          [33mrowspan[39m=[32m"2"[39m
          [33mscope[39m=[32m"row"[39m
        [36m>[39m
          [0m2022Q1[0m
        [36m</th>[39m
        [36m<th[39m
          [33mrowspan[39m=[32m"1"[39m
          [33mscope[39m=[32m"row"[39m
        [36m>[39m
          [0mVapaarahoitteinen[0m
        [36m</th>[39m
        [36m<td>[39m
          [0m5 534[0m
        [36m</td>[39m
        [36m<td>[39m
          [0m18,16[0m
        [36m</td>[39m
        [36m<td>[39m
          [0m4 267[0m
        [36m</td>[39m
        [36m<td>[39m
          [0m14,07[0m
        [36m</td>[39m
      [36m</tr>[39m
      [36m<tr>[39m
        [36m<th[39m
          [33mrowspan[39m=[32m"1"[39m
          [33mscope[39m=[32m"row"[39m
        [36m>[39m
          [0mARA[0m
        [36m</th>[39m
        [36m<td>[39m
          [0m1 292[0m
        [36m</td>[39m
        [36m<td>[39m
          [0m13,91[0m
        [36m</td>[39m
        [36m<td>[39m
          [0m1 782[0m
        [36m</td>[39m
        [36m<td>[39m
          [0m11,81[0m
        [36m</td>[39m
      [36m</tr>[39m
      [36m<tr>[39m
        [36m<th[39m
          [33mrowspan[39m=[32m"2"[39m
          [33mscope[39m=[32m"row"[39m
        [36m>[39m
          [0m2022Q2[0m
        [36m</th>[39m
        [36m<th[39m
          [33mrowspan[39m=[32m"1"[39m
          [33mscope[39m=[32m"row"[39m
        [36m>[39m
          [0mVapaarahoitteinen[0m
        [36m</th>[39m
        [36m<td>[39m
          [0m4 437[0m
        [36m</td>[39m
        [36m<td>[39m
          [0m18,32[0m
        [36m</td>[39m
        [36m<td>[39m
          [0m3 666[0m
        [36m</td>[39m
        [36m<td>[39m
          [0m14,27[0m
        [36m</td>[39m
      [36m</tr>[39m
      [36m<tr>[39m
        [36m<th[39m
          [33mrowspan[39m=[32m"1"[39m
          [33mscope[39m=[32m"row"[39m
        [36m>[39m
          [0mARA[0m
        [36m</th>[39m
        [36m<td>[39m
          [0m1 149[0m
        [36m</td>[39m
        [36m<td>[39m
          [0m14,02[0m
        [36m</td>[39m
        [36m<td>[39m
          [0m1 642[0m
        [36m</td>[39m
        [36m<td>[39m
          [0m11,87[0m
        [36m</td>[39m
      [36m</tr>[39m
      [36m<tr>[39m
        [36m<th[39m
          [33mrowspan[39m=[32m"2"[39m
          [33mscope[39m=[32m"row"[39m
        [36m>[39m
          [0m2022Q3[0m
        [36m</th>[39m
        [36m<th[39m
          [33mrowspan[39m=[32m"1"[39m
          [33mscope[39m=[32m"row"[39m
        [36m>[39m
          [0mVapaarahoitteinen[0m
        [36m</th>[39m
        [36m<td>[39m
          [0m4 014[0m
        [36m</td>[39m
        [36m<td>[39m
          [0m18,44[0m
        [36m</td>[39m
        [36m<td>[39m
          [0m3 329[0m
        [36m</td>[39m
        [36m<td>[39m
          [0m14,37[0m
        [36m</td>[39m
      [36m</tr>[39m
      [36m<tr>[39m
        [36m<th[39m
          [33mrowspan[39m=[32m"1"[39m
          [33mscope[39m=[32m"row"[39m
        [36m>[39m
          [0mARA[0m
        [36m</th>[39m
        [36m<td>[39m
          [0m1 107[0m
        [36m</td>[39m
        [36m<td>[39m
          [0m14,06[0m
        [36m</td>[39m
        [36m<td>[39m
          [0m1 554[0m
        [36m</td>[39m
        [36m<td>[39m
          [0m11,86[0m
        [36m</td>[39m
      [36m</tr>[39m
      [36m<tr>[39m
        [36m<th[39m
          [33mrowspan[39m=[32m"2"[39m
          [33mscope[39m=[32m"row"[39m
        [36m>[39m
          [0m2022Q4[0m
        [36m</th>[39m
        [36m<th[39m
          [33mrowspan[39m=[32m"1"[39m
          [33mscope[39m=[32m"row"[39m
        [36m>[39m
          [0mVapaarahoitteinen[0m
        [36m</th>[39m
        [36m<td>[39m
          [0m4 195[0m
        [36m</td>[39m
        [36m<td>[39m
          [0m18,53[0m
        [36m</td>[39m
        [36m<td>[39m
          [0m3 414[0m
        [36m</td>[39m
        [36m<td>[39m
          [0m14,48[0m
        [36m</td>[39m
      [36m</tr>[39m
      [36m<tr>[39m
        [36m<th[39m
          [33mrowspan[39m=[32m"1"[39m
          [33mscope[39m=[32m"row"[39m
        [36m>[39m
          [0mARA[0m
        [36m</th>[39m
        [36m<td>[39m
          [0m1 161[0m
        [36m</td>[39m
        [36m<td>[39m
          [0m14,11[0m
        [36m</td>[39m
        [36m<td>[39m
          [0m1 557[0m
        [36m</td>[39m
        [36m<td>[39m
          [0m11,96[0m
        [36m</td>[39m
      [36m</tr>[39m
    [36m</tbody>[39m
  [36m</table>[39m
[36m</div>[39m"
`;

exports[`Html table render tests should match snapshot: Table with row variables only 1`] = `
"[36m<div[39m
  [33mid[39m=[32m"test-9483567287648723649867"[39m
[36m>[39m
  [36m<table[39m
    [33mtabindex[39m=[32m"0"[39m
  [36m>[39m
    [36m<caption[39m
      [33mclass[39m=[32m"tableChart-caption"[39m
    [36m>[39m
      [0mLukumäärä 2022Q1-2022Q4 muuttujina Alue, Huoneluku, Rahoitusmuoto[0m
    [36m</caption>[39m
    [36m<tbody>[39m
      [36m<tr>[39m
        [36m<th[39m
          [33mrowspan[39m=[32m"16"[39m
          [33mscope[39m=[32m"row"[39m
        [36m>[39m
          [0mVantaa[0m
        [36m</th>[39m
        [36m<th[39m
          [33mrowspan[39m=[32m"4"[39m
          [33mscope[39m=[32m"row"[39m
        [36m>[39m
          [0m2022Q1[0m
        [36m</th>[39m
        [36m<th[39m
          [33mrowspan[39m=[32m"2"[39m
          [33mscope[39m=[32m"row"[39m
        [36m>[39m
          [0mVapaarahoitteinen[0m
        [36m</th>[39m
        [36m<th[39m
          [33mrowspan[39m=[32m"1"[39m
          [33mscope[39m=[32m"row"[39m
        [36m>[39m
          [0mYksiöt[0m
        [36m</th>[39m
        [36m<td>[39m
          [0m3 043[0m
        [36m</td>[39m
      [36m</tr>[39m
      [36m<tr>[39m
        [36m<th[39m
          [33mrowspan[39m=[32m"1"[39m
          [33mscope[39m=[32m"row"[39m
        [36m>[39m
          [0mKaksiot[0m
        [36m</th>[39m
        [36m<td>[39m
          [0m5 261[0m
        [36m</td>[39m
      [36m</tr>[39m
      [36m<tr>[39m
        [36m<th[39m
          [33mrowspan[39m=[32m"2"[39m
          [33mscope[39m=[32m"row"[39m
        [36m>[39m
          [0mARA[0m
        [36m</th>[39m
        [36m<th[39m
          [33mrowspan[39m=[32m"1"[39m
          [33mscope[39m=[32m"row"[39m
        [36m>[39m
          [0mYksiöt[0m
        [36m</th>[39m
        [36m<td>[39m
          [0m941[0m
        [36m</td>[39m
      [36m</tr>[39m
      [36m<tr>[39m
        [36m<th[39m
          [33mrowspan[39m=[32m"1"[39m
          [33mscope[39m=[32m"row"[39m
        [36m>[39m
          [0mKaksiot[0m
        [36m</th>[39m
        [36m<td>[39m
          [0m2 083[0m
        [36m</td>[39m
      [36m</tr>[39m
      [36m<tr>[39m
        [36m<th[39m
          [33mrowspan[39m=[32m"4"[39m
          [33mscope[39m=[32m"row"[39m
        [36m>[39m
          [0m2022Q2[0m
        [36m</th>[39m
        [36m<th[39m
          [33mrowspan[39m=[32m"2"[39m
          [33mscope[39m=[32m"row"[39m
        [36m>[39m
          [0mVapaarahoitteinen[0m
        [36m</th>[39m
        [36m<th[39m
          [33mrowspan[39m=[32m"1"[39m
          [33mscope[39m=[32m"row"[39m
        [36m>[39m
          [0mYksiöt[0m
        [36m</th>[39m
        [36m<td>[39m
          [0m2 679[0m
        [36m</td>[39m
      [36m</tr>[39m
      [36m<tr>[39m
        [36m<th[39m
          [33mrowspan[39m=[32m"1"[39m
          [33mscope[39m=[32m"row"[39m
        [36m>[39m
          [0mKaksiot[0m
        [36m</th>[39m
        [36m<td>[39m
          [0m5 017[0m
        [36m</td>[39m
      [36m</tr>[39m
      [36m<tr>[39m
        [36m<th[39m
          [33mrowspan[39m=[32m"2"[39m
          [33mscope[39m=[32m"row"[39m
        [36m>[39m
          [0mARA[0m
        [36m</th>[39m
        [36m<th[39m
          [33mrowspan[39m=[32m"1"[39m
          [33mscope[39m=[32m"row"[39m
        [36m>[39m
          [0mYksiöt[0m
        [36m</th>[39m
        [36m<td>[39m
          [0m846[0m
        [36m</td>[39m
      [36m</tr>[39m
      [36m<tr>[39m
        [36m<th[39m
          [33mrowspan[39m=[32m"1"[39m
          [33mscope[39m=[32m"row"[39m
        [36m>[39m
          [0mKaksiot[0m
        [36m</th>[39m
        [36m<td>[39m
          [0m1 902[0m
        [36m</td>[39m
      [36m</tr>[39m
      [36m<tr>[39m
        [36m<th[39m
          [33mrowspan[39m=[32m"4"[39m
          [33mscope[39m=[32m"row"[39m
        [36m>[39m
          [0m2022Q3[0m
        [36m</th>[39m
        [36m<th[39m
          [33mrowspan[39m=[32m"2"[39m
          [33mscope[39m=[32m"row"[39m
        [36m>[39m
          [0mVapaarahoitteinen[0m
        [36m</th>[39m
        [36m<th[39m
          [33mrowspan[39m=[32m"1"[39m
          [33mscope[39m=[32m"row"[39m
        [36m>[39m
          [0mYksiöt[0m
        [36m</th>[39m
        [36m<td>[39m
          [0m2 533[0m
        [36m</td>[39m
      [36m</tr>[39m
      [36m<tr>[39m
        [36m<th[39m
          [33mrowspan[39m=[32m"1"[39m
          [33mscope[39m=[32m"row"[39m
        [36m>[39m
          [0mKaksiot[0m
        [36m</th>[39m
        [36m<td>[39m
          [0m4 925[0m
        [36m</td>[39m
      [36m</tr>[39m
      [36m<tr>[39m
        [36m<th[39m
          [33mrowspan[39m=[32m"2"[39m
          [33mscope[39m=[32m"row"[39m
        [36m>[39m
          [0mARA[0m
        [36m</th>[39m
        [36m<th[39m
          [33mrowspan[39m=[32m"1"[39m
          [33mscope[39m=[32m"row"[39m
        [36m>[39m
          [0mYksiöt[0m
        [36m</th>[39m
        [36m<td>[39m
          [0m763[0m
        [36m</td>[39m
      [36m</tr>[39m
      [36m<tr>[39m
        [36m<th[39m
          [33mrowspan[39m=[32m"1"[39m
          [33mscope[39m=[32m"row"[39m
        [36m>[39m
          [0mKaksiot[0m
        [36m</th>[39m
        [36m<td>[39m
          [0m1 778[0m
        [36m</td>[39m
      [36m</tr>[39m
      [36m<tr>[39m
        [36m<th[39m
          [33mrowspan[39m=[32m"4"[39m
          [33mscope[39m=[32m"row"[39m
        [36m>[39m
          [0m2022Q4[0m
        [36m</th>[39m
        [36m<th[39m
          [33mrowspan[39m=[32m"2"[39m
          [33mscope[39m=[32m"row"[39m
        [36m>[39m
          [0mVapaarahoitteinen[0m
        [36m</th>[39m
        [36m<th[39m
          [33mrowspan[39m=[32m"1"[39m
          [33mscope[39m=[32m"row"[39m
        [36m>[39m
          [0mYksiöt[0m
        [36m</th>[39m
        [36m<td>[39m
          [0m2 548[0m
        [36m</td>[39m
      [36m</tr>[39m
      [36m<tr>[39m
        [36m<th[39m
          [33mrowspan[39m=[32m"1"[39m
          [33mscope[39m=[32m"row"[39m
        [36m>[39m
          [0mKaksiot[0m
        [36m</th>[39m
        [36m<td>[39m
          [0m4 882[0m
        [36m</td>[39m
      [36m</tr>[39m
      [36m<tr>[39m
        [36m<th[39m
          [33mrowspan[39m=[32m"2"[39m
          [33mscope[39m=[32m"row"[39m
        [36m>[39m
          [0mARA[0m
        [36m</th>[39m
        [36m<th[39m
          [33mrowspan[39m=[32m"1"[39m
          [33mscope[39m=[32m"row"[39m
        [36m>[39m
          [0mYksiöt[0m
        [36m</th>[39m
        [36m<td>[39m
          [0m767[0m
        [36m</td>[39m
      [36m</tr>[39m
      [36m<tr>[39m
        [36m<th[39m
          [33mrowspan[39m=[32m"1"[39m
          [33mscope[39m=[32m"row"[39m
        [36m>[39m
          [0mKaksiot[0m
        [36m</th>[39m
        [36m<td>[39m
          [0m1 744[0m
        [36m</td>[39m
      [36m</tr>[39m
      [36m<tr>[39m
        [36m<th[39m
          [33mrowspan[39m=[32m"16"[39m
          [33mscope[39m=[32m"row"[39m
        [36m>[39m
          [0mTurku[0m
        [36m</th>[39m
        [36m<th[39m
          [33mrowspan[39m=[32m"4"[39m
          [33mscope[39m=[32m"row"[39m
        [36m>[39m
          [0m2022Q1[0m
        [36m</th>[39m
        [36m<th[39m
          [33mrowspan[39m=[32m"2"[39m
          [33mscope[39m=[32m"row"[39m
        [36m>[39m
          [0mVapaarahoitteinen[0m
        [36m</th>[39m
        [36m<th[39m
          [33mrowspan[39m=[32m"1"[39m
          [33mscope[39m=[32m"row"[39m
        [36m>[39m
          [0mYksiöt[0m
        [36m</th>[39m
        [36m<td>[39m
          [0m5 534[0m
        [36m</td>[39m
      [36m</tr>[39m
      [36m<tr>[39m
        [36m<th[39m
          [33mrowspan[39m=[32m"1"[39m
          [33mscope[39m=[32m"row"[39m
        [36m>[39m
          [0mKaksiot[0m
        [36m</th>[39m
        [36m<td>[39m
          [0m4 267[0m
        [36m</td>[39m
      [36m</tr>[39m
      [36m<tr>[39m
        [36m<th[39m
          [33mrowspan[39m=[32m"2"[39m
          [33mscope[39m=[32m"row"[39m
        [36m>[39m
          [0mARA[0m
        [36m</th>[39m
        [36m<th[39m
          [33mrowspan[39m=[32m"1"[39m
          [33mscope[39m=[32m"row"[39m
        [36m>[39m
          [0mYksiöt[0m
        [36m</th>[39m
        [36m<td>[39m
          [0m1 292[0m
        [36m</td>[39m
      [36m</tr>[39m
      [36m<tr>[39m
        [36m<th[39m
          [33mrowspan[39m=[32m"1"[39m
          [33mscope[39m=[32m"row"[39m
        [36m>[39m
          [0mKaksiot[0m
        [36m</th>[39m
        [36m<td>[39m
          [0m1 782[0m
        [36m</td>[39m
      [36m</tr>[39m
      [36m<tr>[39m
        [36m<th[39m
          [33mrowspan[39m=[32m"4"[39m
          [33mscope[39m=[32m"row"[39m
        [36m>[39m
          [0m2022Q2[0m
        [36m</th>[39m
        [36m<th[39m
          [33mrowspan[39m=[32m"2"[39m
          [33mscope[39m=[32m"row"[39m
        [36m>[39m
          [0mVapaarahoitteinen[0m
        [36m</th>[39m
        [36m<th[39m
          [33mrowspan[39m=[32m"1"[39m
          [33mscope[39m=[32m"row"[39m
        [36m>[39m
          [0mYksiöt[0m
        [36m</th>[39m
        [36m<td>[39m
          [0m4 437[0m
        [36m</td>[39m
      [36m</tr>[39m
      [36m<tr>[39m
        [36m<th[39m
          [33mrowspan[39m=[32m"1"[39m
          [33mscope[39m=[32m"row"[39m
        [36m>[39m
          [0mKaksiot[0m
        [36m</th>[39m
        [36m<td>[39m
          [0m3 666[0m
        [36m</td>[39m
      [36m</tr>[39m
      [36m<tr>[39m
        [36m<th[39m
          [33mrowspan[39m=[32m"2"[39m
          [33mscope[39m=[32m"row"[39m
        [36m>[39m
          [0mARA[0m
        [36m</th>[39m
        [36m<th[39m
          [33mrowspan[39m=[32m"1"[39m
          [33mscope[39m=[32m"row"[39m
        [36m>[39m
          [0mYksiöt[0m
        [36m</th>[39m
        [36m<td>[39m
          [0m1 149[0m
        [36m</td>[39m
      [36m</tr>[39m
      [36m<tr>[39m
        [36m<th[39m
          [33mrowspan[39m=[32m"1"[39m
          [33mscope[39m=[32m"row"[39m
        [36m>[39m
          [0mKaksiot[0m
        [36m</th>[39m
        [36m<td>[39m
          [0m1 642[0m
        [36m</td>[39m
      [36m</tr>[39m
      [36m<tr>[39m
        [36m<th[39m
          [33mrowspan[39m=[32m"4"[39m
          [33mscope[39m=[32m"row"[39m
        [36m>[39m
          [0m2022Q3[0m
        [36m</th>[39m
        [36m<th[39m
          [33mrowspan[39m=[32m"2"[39m
          [33mscope[39m=[32m"row"[39m
        [36m>[39m
          [0mVapaarahoitteinen[0m
        [36m</th>[39m
        [36m<th[39m
          [33mrowspan[39m=[32m"1"[39m
          [33mscope[39m=[32m"row"[39m
        [36m>[39m
          [0mYksiöt[0m
        [36m</th>[39m
        [36m<td>[39m
          [0m4 014[0m
        [36m</td>[39m
      [36m</tr>[39m
      [36m<tr>[39m
        [36m<th[39m
          [33mrowspan[39m=[32m"1"[39m
          [33mscope[39m=[32m"row"[39m
        [36m>[39m
          [0mKaksiot[0m
        [36m</th>[39m
        [36m<td>[39m
          [0m3 329[0m
        [36m</td>[39m
      [36m</tr>[39m
      [36m<tr>[39m
        [36m<th[39m
          [33mrowspan[39m=[32m"2"[39m
          [33mscope[39m=[32m"row"[39m
        [36m>[39m
          [0mARA[0m
        [36m</th>[39m
        [36m<th[39m
          [33mrowspan[39m=[32m"1"[39m
          [33mscope[39m=[32m"row"[39m
        [36m>[39m
          [0mYksiöt[0m
        [36m</th>[39m
        [36m<td>[39m
          [0m1 107[0m
        [36m</td>[39m
      [36m</tr>[39m
      [36m<tr>[39m
        [36m<th[39m
          [33mrowspan[39m=[32m"1"[39m
          [33mscope[39m=[32m"row"[39m
        [36m>[39m
          [0mKaksiot[0m
        [36m</th>[39m
        [36m<td>[39m
          [0m1 554[0m
        [36m</td>[39m
      [36m</tr>[39m
      [36m<tr>[39m
        [36m<th[39m
          [33mrowspan[39m=[32m"4"[39m
          [33mscope[39m=[32m"row"[39m
        [36m>[39m
          [0m2022Q4[0m
        [36m</th>[39m
        [36m<th[39m
          [33mrowspan[39m=[32m"2"[39m
          [33mscope[39m=[32m"row"[39m
        [36m>[39m
          [0mVapaarahoitteinen[0m
        [36m</th>[39m
        [36m<th[39m
          [33mrowspan[39m=[32m"1"[39m
          [33mscope[39m=[32m"row"[39m
        [36m>[39m
          [0mYksiöt[0m
        [36m</th>[39m
        [36m<td>[39m
          [0m4 195[0m
        [36m</td>[39m
      [36m</tr>[39m
      [36m<tr>[39m
        [36m<th[39m
          [33mrowspan[39m=[32m"1"[39m
          [33mscope[39m=[32m"row"[39m
        [36m>[39m
          [0mKaksiot[0m
        [36m</th>[39m
        [36m<td>[39m
          [0m3 414[0m
        [36m</td>[39m
      [36m</tr>[39m
      [36m<tr>[39m
        [36m<th[39m
          [33mrowspan[39m=[32m"2"[39m
          [33mscope[39m=[32m"row"[39m
        [36m>[39m
          [0mARA[0m
        [36m</th>[39m
        [36m<th[39m
          [33mrowspan[39m=[32m"1"[39m
          [33mscope[39m=[32m"row"[39m
        [36m>[39m
          [0mYksiöt[0m
        [36m</th>[39m
        [36m<td>[39m
          [0m1 161[0m
        [36m</td>[39m
      [36m</tr>[39m
      [36m<tr>[39m
        [36m<th[39m
          [33mrowspan[39m=[32m"1"[39m
          [33mscope[39m=[32m"row"[39m
        [36m>[39m
          [0mKaksiot[0m
        [36m</th>[39m
        [36m<td>[39m
          [0m1 557[0m
        [36m</td>[39m
      [36m</tr>[39m
    [36m</tbody>[39m
  [36m</table>[39m
  [36m<p>[39m
    [0mYksikkö: lukumäärä[0m
  [36m</p>[39m
  [36m<p>[39m
    [0mLähde: PxVisualizer-fi[0m
  [36m</p>[39m
[36m</div>[39m"
`;
